
*** Running vivado
    with args -log Subsystem1_fil.vdi -applog -m64 -product Vivado -messageDb vivado.pb -mode batch -source Subsystem1_fil.tcl -notrace



****** Vivado v2024.1 (64-bit)
  **** SW Build 5076996 on Wed May 22 18:37:14 MDT 2024
  **** IP Build 5075265 on Wed May 22 21:45:21 MDT 2024
  **** SharedData Build 5076995 on Wed May 22 18:29:18 MDT 2024
  **** Start of session at: Thu Dec 19 13:23:01 2024
    ** Copyright 1986-2022 Xilinx, Inc. All Rights Reserved.
    ** Copyright 2022-2024 Advanced Micro Devices, Inc. All Rights Reserved.

source Subsystem1_fil.tcl -notrace
create_project: Time (s): cpu = 00:00:03 ; elapsed = 00:00:09 . Memory (MB): peak = 549.992 ; gain = 236.383
Command: link_design -top Subsystem1_fil -part xc7z010clg400-1
Design is defaulting to srcset: sources_1
Design is defaulting to constrset: constrs_1
INFO: [Device 21-403] Loading part xc7z010clg400-1
INFO: [Device 21-9227] Part: xc7z010clg400-1 does not have CEAM library.
INFO: [Project 1-454] Reading design checkpoint 'd:/AGH_Files/Eng_Proj/Matlab_float_model/fixed_model/hdl_prj/fil_prj/fpgaproj/Subsystem1_fil.gen/sources_1/ip/clk_wiz_0/clk_wiz_0.dcp' for cell 'u_clk_wiz_0'
INFO: [Project 1-454] Reading design checkpoint 'd:/AGH_Files/Eng_Proj/Matlab_float_model/fixed_model/hdl_prj/fil_prj/fpgaproj/Subsystem1_fil.gen/sources_1/ip/jtag_mac_fifo/jtag_mac_fifo.dcp' for cell 'u_jtag_mac/u_post_chif_fifo/u_jtag_mac_fifo'
INFO: [Project 1-454] Reading design checkpoint 'd:/AGH_Files/Eng_Proj/Matlab_float_model/fixed_model/hdl_prj/fil_prj/fpgaproj/Subsystem1_fil.gen/sources_1/ip/simcycle_fifo/simcycle_fifo.dcp' for cell 'u_jtag_mac/u_simcycle_fifo/u_simcycle_fifo'
Netlist sorting complete. Time (s): cpu = 00:00:00 ; elapsed = 00:00:00.319 . Memory (MB): peak = 1025.391 ; gain = 0.000
INFO: [Netlist 29-17] Analyzing 1561 Unisim elements for replacement
INFO: [Netlist 29-28] Unisim Transformation completed in 1 CPU seconds
INFO: [Project 1-479] Netlist was created with Vivado 2024.1
INFO: [Project 1-570] Preparing netlist for logic optimization
Parsing XDC File [d:/AGH_Files/Eng_Proj/Matlab_float_model/fixed_model/hdl_prj/fil_prj/fpgaproj/Subsystem1_fil.gen/sources_1/ip/jtag_mac_fifo/jtag_mac_fifo.xdc] for cell 'u_jtag_mac/u_post_chif_fifo/u_jtag_mac_fifo/U0'
Finished Parsing XDC File [d:/AGH_Files/Eng_Proj/Matlab_float_model/fixed_model/hdl_prj/fil_prj/fpgaproj/Subsystem1_fil.gen/sources_1/ip/jtag_mac_fifo/jtag_mac_fifo.xdc] for cell 'u_jtag_mac/u_post_chif_fifo/u_jtag_mac_fifo/U0'
Parsing XDC File [d:/AGH_Files/Eng_Proj/Matlab_float_model/fixed_model/hdl_prj/fil_prj/fpgaproj/Subsystem1_fil.gen/sources_1/ip/jtag_mac_fifo/jtag_mac_fifo.xdc] for cell 'u_jtag_mac/u_pre_chif_fifo/u_jtag_mac_fifo/U0'
Finished Parsing XDC File [d:/AGH_Files/Eng_Proj/Matlab_float_model/fixed_model/hdl_prj/fil_prj/fpgaproj/Subsystem1_fil.gen/sources_1/ip/jtag_mac_fifo/jtag_mac_fifo.xdc] for cell 'u_jtag_mac/u_pre_chif_fifo/u_jtag_mac_fifo/U0'
Parsing XDC File [d:/AGH_Files/Eng_Proj/Matlab_float_model/fixed_model/hdl_prj/fil_prj/fpgaproj/Subsystem1_fil.gen/sources_1/ip/clk_wiz_0/clk_wiz_0_board.xdc] for cell 'u_clk_wiz_0/inst'
Finished Parsing XDC File [d:/AGH_Files/Eng_Proj/Matlab_float_model/fixed_model/hdl_prj/fil_prj/fpgaproj/Subsystem1_fil.gen/sources_1/ip/clk_wiz_0/clk_wiz_0_board.xdc] for cell 'u_clk_wiz_0/inst'
Parsing XDC File [d:/AGH_Files/Eng_Proj/Matlab_float_model/fixed_model/hdl_prj/fil_prj/fpgaproj/Subsystem1_fil.gen/sources_1/ip/clk_wiz_0/clk_wiz_0.xdc] for cell 'u_clk_wiz_0/inst'
INFO: [Timing 38-35] Done setting XDC timing constraints. [d:/AGH_Files/Eng_Proj/Matlab_float_model/fixed_model/hdl_prj/fil_prj/fpgaproj/Subsystem1_fil.gen/sources_1/ip/clk_wiz_0/clk_wiz_0.xdc:54]
INFO: [Timing 38-2] Deriving generated clocks [d:/AGH_Files/Eng_Proj/Matlab_float_model/fixed_model/hdl_prj/fil_prj/fpgaproj/Subsystem1_fil.gen/sources_1/ip/clk_wiz_0/clk_wiz_0.xdc:54]
get_clocks: Time (s): cpu = 00:00:05 ; elapsed = 00:00:08 . Memory (MB): peak = 1737.555 ; gain = 579.582
Finished Parsing XDC File [d:/AGH_Files/Eng_Proj/Matlab_float_model/fixed_model/hdl_prj/fil_prj/fpgaproj/Subsystem1_fil.gen/sources_1/ip/clk_wiz_0/clk_wiz_0.xdc] for cell 'u_clk_wiz_0/inst'
Parsing XDC File [d:/AGH_Files/Eng_Proj/Matlab_float_model/fixed_model/hdl_prj/fil_prj/fpgaproj/Subsystem1_fil.gen/sources_1/ip/simcycle_fifo/simcycle_fifo.xdc] for cell 'u_jtag_mac/u_simcycle_fifo/u_simcycle_fifo/U0'
Finished Parsing XDC File [d:/AGH_Files/Eng_Proj/Matlab_float_model/fixed_model/hdl_prj/fil_prj/fpgaproj/Subsystem1_fil.gen/sources_1/ip/simcycle_fifo/simcycle_fifo.xdc] for cell 'u_jtag_mac/u_simcycle_fifo/u_simcycle_fifo/U0'
Parsing XDC File [D:/AGH_Files/Eng_Proj/Matlab_float_model/fixed_model/hdl_prj/fil_prj/filsrc/Subsystem1_fil.xdc]
WARNING: [Constraints 18-619] A clock with name 'sysclk' already exists, overwriting the previous clock with the same name. [D:/AGH_Files/Eng_Proj/Matlab_float_model/fixed_model/hdl_prj/fil_prj/filsrc/Subsystem1_fil.xdc:1]
WARNING: [Vivado 12-2489] -period contains time 15.151515 which will be rounded to 15.152 to ensure it is an integer multiple of 1 picosecond [D:/AGH_Files/Eng_Proj/Matlab_float_model/fixed_model/hdl_prj/fil_prj/filsrc/Subsystem1_fil.xdc:6]
WARNING: [Vivado 12-2489] -waveform contains time 7.575758 which will be rounded to 7.576 to ensure it is an integer multiple of 1 picosecond [D:/AGH_Files/Eng_Proj/Matlab_float_model/fixed_model/hdl_prj/fil_prj/filsrc/Subsystem1_fil.xdc:6]
Finished Parsing XDC File [D:/AGH_Files/Eng_Proj/Matlab_float_model/fixed_model/hdl_prj/fil_prj/filsrc/Subsystem1_fil.xdc]
Parsing XDC File [d:/AGH_Files/Eng_Proj/Matlab_float_model/fixed_model/hdl_prj/fil_prj/fpgaproj/Subsystem1_fil.gen/sources_1/ip/jtag_mac_fifo/jtag_mac_fifo_clocks.xdc] for cell 'u_jtag_mac/u_post_chif_fifo/u_jtag_mac_fifo/U0'
Finished Parsing XDC File [d:/AGH_Files/Eng_Proj/Matlab_float_model/fixed_model/hdl_prj/fil_prj/fpgaproj/Subsystem1_fil.gen/sources_1/ip/jtag_mac_fifo/jtag_mac_fifo_clocks.xdc] for cell 'u_jtag_mac/u_post_chif_fifo/u_jtag_mac_fifo/U0'
Parsing XDC File [d:/AGH_Files/Eng_Proj/Matlab_float_model/fixed_model/hdl_prj/fil_prj/fpgaproj/Subsystem1_fil.gen/sources_1/ip/jtag_mac_fifo/jtag_mac_fifo_clocks.xdc] for cell 'u_jtag_mac/u_pre_chif_fifo/u_jtag_mac_fifo/U0'
Finished Parsing XDC File [d:/AGH_Files/Eng_Proj/Matlab_float_model/fixed_model/hdl_prj/fil_prj/fpgaproj/Subsystem1_fil.gen/sources_1/ip/jtag_mac_fifo/jtag_mac_fifo_clocks.xdc] for cell 'u_jtag_mac/u_pre_chif_fifo/u_jtag_mac_fifo/U0'
Parsing XDC File [d:/AGH_Files/Eng_Proj/Matlab_float_model/fixed_model/hdl_prj/fil_prj/fpgaproj/Subsystem1_fil.gen/sources_1/ip/simcycle_fifo/simcycle_fifo_clocks.xdc] for cell 'u_jtag_mac/u_simcycle_fifo/u_simcycle_fifo/U0'
Finished Parsing XDC File [d:/AGH_Files/Eng_Proj/Matlab_float_model/fixed_model/hdl_prj/fil_prj/fpgaproj/Subsystem1_fil.gen/sources_1/ip/simcycle_fifo/simcycle_fifo_clocks.xdc] for cell 'u_jtag_mac/u_simcycle_fifo/u_simcycle_fifo/U0'
INFO: [Project 1-1714] 18 XPM XDC files have been applied to the design.
INFO: [Opt 31-138] Pushed 0 inverter(s) to 0 load pin(s).
Netlist sorting complete. Time (s): cpu = 00:00:00 ; elapsed = 00:00:00.009 . Memory (MB): peak = 1748.707 ; gain = 0.000
INFO: [Project 1-111] Unisim Transformation Summary:
  A total of 156 instances were transformed.
  RAM16X1D => RAM32X1D (RAMD32(x2)): 4 instances
  RAM16X1S => RAM32X1S (RAMS32): 46 instances
  RAM32M => RAM32M (RAMD32(x6), RAMS32(x2)): 104 instances
  RAM32X1D => RAM32X1D (RAMD32(x2)): 2 instances

14 Infos, 3 Warnings, 0 Critical Warnings and 0 Errors encountered.
link_design completed successfully
link_design: Time (s): cpu = 00:00:10 ; elapsed = 00:00:20 . Memory (MB): peak = 1748.707 ; gain = 1183.051
Command: opt_design
Attempting to get a license for feature 'Implementation' and/or device 'xc7z010'
INFO: [Common 17-349] Got license for feature 'Implementation' and/or device 'xc7z010'
Running DRC as a precondition to command opt_design

Starting DRC Task
INFO: [DRC 23-27] Running DRC with 2 threads
INFO: [Project 1-461] DRC finished with 0 Errors
INFO: [Project 1-462] Please refer to the DRC report (report_drc) for more information.

Time (s): cpu = 00:00:02 ; elapsed = 00:00:01 . Memory (MB): peak = 1748.707 ; gain = 0.000

Starting Cache Timing Information Task
INFO: [Timing 38-35] Done setting XDC timing constraints.
Ending Cache Timing Information Task | Checksum: e28f9e5f

Time (s): cpu = 00:00:01 ; elapsed = 00:00:00.998 . Memory (MB): peak = 1748.707 ; gain = 0.000

Starting Logic Optimization Task

Phase 1 Initialization

Phase 1.1 Core Generation And Design Setup
Phase 1.1 Core Generation And Design Setup | Checksum: e28f9e5f

Time (s): cpu = 00:00:00 ; elapsed = 00:00:00.006 . Memory (MB): peak = 2090.172 ; gain = 0.000

Phase 1.2 Setup Constraints And Sort Netlist
Phase 1.2 Setup Constraints And Sort Netlist | Checksum: e28f9e5f

Time (s): cpu = 00:00:00 ; elapsed = 00:00:00.021 . Memory (MB): peak = 2090.172 ; gain = 0.000
Phase 1 Initialization | Checksum: e28f9e5f

Time (s): cpu = 00:00:00 ; elapsed = 00:00:00.024 . Memory (MB): peak = 2090.172 ; gain = 0.000

Phase 2 Timer Update And Timing Data Collection

Phase 2.1 Timer Update
Phase 2.1 Timer Update | Checksum: e28f9e5f

Time (s): cpu = 00:00:00 ; elapsed = 00:00:01 . Memory (MB): peak = 2104.621 ; gain = 14.449

Phase 2.2 Timing Data Collection
Phase 2.2 Timing Data Collection | Checksum: e28f9e5f

Time (s): cpu = 00:00:01 ; elapsed = 00:00:01 . Memory (MB): peak = 2104.621 ; gain = 14.449
Phase 2 Timer Update And Timing Data Collection | Checksum: e28f9e5f

Time (s): cpu = 00:00:01 ; elapsed = 00:00:01 . Memory (MB): peak = 2104.621 ; gain = 14.449

Phase 3 Retarget
INFO: [Opt 31-1834] Total Chains To Be Transformed Were: 0 AND Number of Transformed insts Created are: 0
INFO: [Opt 31-1566] Pulled 6 inverters resulting in an inversion of 148 pins
INFO: [Opt 31-138] Pushed 1 inverter(s) to 3 load pin(s).
INFO: [Opt 31-49] Retargeted 0 cell(s).
Phase 3 Retarget | Checksum: 1ece4f2da

Time (s): cpu = 00:00:02 ; elapsed = 00:00:03 . Memory (MB): peak = 2104.621 ; gain = 14.449
Retarget | Checksum: 1ece4f2da
INFO: [Opt 31-389] Phase Retarget created 2442 cells and removed 2472 cells
INFO: [Opt 31-1021] In phase Retarget, 19 netlist objects are constrained preventing optimization. Please run opt_design with -debug_log to get more detail. 

Phase 4 Constant propagation
INFO: [Opt 31-138] Pushed 0 inverter(s) to 0 load pin(s).
Phase 4 Constant propagation | Checksum: 1142e22a7

Time (s): cpu = 00:00:02 ; elapsed = 00:00:03 . Memory (MB): peak = 2104.621 ; gain = 14.449
Constant propagation | Checksum: 1142e22a7
INFO: [Opt 31-389] Phase Constant propagation created 0 cells and removed 0 cells
INFO: [Opt 31-1021] In phase Constant propagation, 18 netlist objects are constrained preventing optimization. Please run opt_design with -debug_log to get more detail. 

Phase 5 Sweep
Phase 5 Sweep | Checksum: 159514bdf

Time (s): cpu = 00:00:02 ; elapsed = 00:00:04 . Memory (MB): peak = 2104.621 ; gain = 14.449
Sweep | Checksum: 159514bdf
INFO: [Opt 31-389] Phase Sweep created 0 cells and removed 31 cells
INFO: [Opt 31-1021] In phase Sweep, 42 netlist objects are constrained preventing optimization. Please run opt_design with -debug_log to get more detail. 

Phase 6 BUFG optimization
Phase 6 BUFG optimization | Checksum: 159514bdf

Time (s): cpu = 00:00:02 ; elapsed = 00:00:04 . Memory (MB): peak = 2104.621 ; gain = 14.449
BUFG optimization | Checksum: 159514bdf
INFO: [Opt 31-662] Phase BUFG optimization created 0 cells of which 0 are BUFGs and removed 0 cells.

Phase 7 Shift Register Optimization
INFO: [Opt 31-1064] SRL Remap converted 0 SRLs to 0 registers and converted 0 registers of register chains to 0 SRLs
Phase 7 Shift Register Optimization | Checksum: 100d8994f

Time (s): cpu = 00:00:03 ; elapsed = 00:00:04 . Memory (MB): peak = 2104.621 ; gain = 14.449
Shift Register Optimization | Checksum: 100d8994f
INFO: [Opt 31-389] Phase Shift Register Optimization created 0 cells and removed 0 cells

Phase 8 Post Processing Netlist
Phase 8 Post Processing Netlist | Checksum: 1d49ed5e4

Time (s): cpu = 00:00:03 ; elapsed = 00:00:04 . Memory (MB): peak = 2104.621 ; gain = 14.449
Post Processing Netlist | Checksum: 1d49ed5e4
INFO: [Opt 31-389] Phase Post Processing Netlist created 0 cells and removed 0 cells
INFO: [Opt 31-1021] In phase Post Processing Netlist, 22 netlist objects are constrained preventing optimization. Please run opt_design with -debug_log to get more detail. 

Phase 9 Finalization

Phase 9.1 Finalizing Design Cores and Updating Shapes
Phase 9.1 Finalizing Design Cores and Updating Shapes | Checksum: 1787b1487

Time (s): cpu = 00:00:03 ; elapsed = 00:00:06 . Memory (MB): peak = 2104.621 ; gain = 14.449

Phase 9.2 Verifying Netlist Connectivity

Starting Connectivity Check Task

Time (s): cpu = 00:00:00 ; elapsed = 00:00:00.043 . Memory (MB): peak = 2104.621 ; gain = 0.000
Phase 9.2 Verifying Netlist Connectivity | Checksum: 1787b1487

Time (s): cpu = 00:00:03 ; elapsed = 00:00:06 . Memory (MB): peak = 2104.621 ; gain = 14.449
Phase 9 Finalization | Checksum: 1787b1487

Time (s): cpu = 00:00:03 ; elapsed = 00:00:06 . Memory (MB): peak = 2104.621 ; gain = 14.449
Opt_design Change Summary
=========================


-------------------------------------------------------------------------------------------------------------------------
|  Phase                        |  #Cells created  |  #Cells Removed  |  #Constrained objects preventing optimizations  |
-------------------------------------------------------------------------------------------------------------------------
|  Retarget                     |            2442  |            2472  |                                             19  |
|  Constant propagation         |               0  |               0  |                                             18  |
|  Sweep                        |               0  |              31  |                                             42  |
|  BUFG optimization            |               0  |               0  |                                              0  |
|  Shift Register Optimization  |               0  |               0  |                                              0  |
|  Post Processing Netlist      |               0  |               0  |                                             22  |
-------------------------------------------------------------------------------------------------------------------------


Ending Logic Optimization Task | Checksum: 1787b1487

Time (s): cpu = 00:00:03 ; elapsed = 00:00:06 . Memory (MB): peak = 2104.621 ; gain = 14.449

Starting Power Optimization Task
INFO: [Pwropt 34-132] Skipping clock gating for clocks with a period < 2.00 ns.
INFO: [Timing 38-35] Done setting XDC timing constraints.
INFO: [Pwropt 34-9] Applying IDT optimizations ...
INFO: [Pwropt 34-10] Applying ODC optimizations ...
Running Vector-less Activity Propagation...

Finished Running Vector-less Activity Propagation


Starting PowerOpt Patch Enables Task
INFO: [Pwropt 34-162] WRITE_MODE attribute of 2 BRAM(s) out of a total of 24 has been updated to save power. Run report_power_opt to get a complete listing of the BRAMs updated.
INFO: [Timing 38-35] Done setting XDC timing constraints.
INFO: [Pwropt 34-201] Structural ODC has moved 2 WE to EN ports
Number of BRAM Ports augmented: 15 newly gated: 2 Total Ports: 48
Number of Flops added for Enable Generation: 2

Ending PowerOpt Patch Enables Task | Checksum: 1f8984473

Time (s): cpu = 00:00:02 ; elapsed = 00:00:01 . Memory (MB): peak = 2347.426 ; gain = 0.000
Ending Power Optimization Task | Checksum: 1f8984473

Time (s): cpu = 00:00:08 ; elapsed = 00:00:08 . Memory (MB): peak = 2347.426 ; gain = 242.805

Starting Final Cleanup Task

Starting Logic Optimization Task
INFO: [Timing 38-35] Done setting XDC timing constraints.
Ending Logic Optimization Task | Checksum: 1c0f7b67b

Time (s): cpu = 00:00:03 ; elapsed = 00:00:03 . Memory (MB): peak = 2347.426 ; gain = 0.000
Ending Final Cleanup Task | Checksum: 1c0f7b67b

Time (s): cpu = 00:00:05 ; elapsed = 00:00:07 . Memory (MB): peak = 2347.426 ; gain = 0.000

Starting Netlist Obfuscation Task
Netlist sorting complete. Time (s): cpu = 00:00:00 ; elapsed = 00:00:00.011 . Memory (MB): peak = 2347.426 ; gain = 0.000
Ending Netlist Obfuscation Task | Checksum: 1c0f7b67b

Time (s): cpu = 00:00:00 ; elapsed = 00:00:00.015 . Memory (MB): peak = 2347.426 ; gain = 0.000
INFO: [Common 17-83] Releasing license: Implementation
44 Infos, 3 Warnings, 0 Critical Warnings and 0 Errors encountered.
opt_design completed successfully
opt_design: Time (s): cpu = 00:00:22 ; elapsed = 00:00:27 . Memory (MB): peak = 2347.426 ; gain = 598.719
INFO: [Vivado 12-24828] Executing command : report_drc -file Subsystem1_fil_drc_opted.rpt -pb Subsystem1_fil_drc_opted.pb -rpx Subsystem1_fil_drc_opted.rpx
Command: report_drc -file Subsystem1_fil_drc_opted.rpt -pb Subsystem1_fil_drc_opted.pb -rpx Subsystem1_fil_drc_opted.rpx
INFO: [IP_Flow 19-1839] IP Catalog is up to date.
INFO: [DRC 23-27] Running DRC with 2 threads
INFO: [Vivado_Tcl 2-168] The results of DRC are in file D:/AGH_Files/Eng_Proj/Matlab_float_model/fixed_model/hdl_prj/fil_prj/fpgaproj/Subsystem1_fil.runs/impl_1/Subsystem1_fil_drc_opted.rpt.
report_drc completed successfully
INFO: [Timing 38-35] Done setting XDC timing constraints.
INFO: [Timing 38-480] Writing timing data to binary archive.
Wrote PlaceDB: Time (s): cpu = 00:00:00 ; elapsed = 00:00:00.001 . Memory (MB): peak = 2347.426 ; gain = 0.000
Wrote PulsedLatchDB: Time (s): cpu = 00:00:00 ; elapsed = 00:00:00 . Memory (MB): peak = 2347.426 ; gain = 0.000
Writing XDEF routing.
Writing XDEF routing logical nets.
Write ShapeDB Complete: Time (s): cpu = 00:00:00 ; elapsed = 00:00:00.124 . Memory (MB): peak = 2347.426 ; gain = 0.000
Writing XDEF routing special nets.
Wrote RouteStorage: Time (s): cpu = 00:00:00 ; elapsed = 00:00:00.169 . Memory (MB): peak = 2347.426 ; gain = 0.000
Wrote Netlist Cache: Time (s): cpu = 00:00:00 ; elapsed = 00:00:00 . Memory (MB): peak = 2347.426 ; gain = 0.000
Wrote Device Cache: Time (s): cpu = 00:00:00 ; elapsed = 00:00:00.017 . Memory (MB): peak = 2347.426 ; gain = 0.000
Write Physdb Complete: Time (s): cpu = 00:00:00 ; elapsed = 00:00:00.197 . Memory (MB): peak = 2347.426 ; gain = 0.000
INFO: [Common 17-1381] The checkpoint 'D:/AGH_Files/Eng_Proj/Matlab_float_model/fixed_model/hdl_prj/fil_prj/fpgaproj/Subsystem1_fil.runs/impl_1/Subsystem1_fil_opt.dcp' has been generated.
Command: place_design
Attempting to get a license for feature 'Implementation' and/or device 'xc7z010'
INFO: [Common 17-349] Got license for feature 'Implementation' and/or device 'xc7z010'
INFO: [Common 17-83] Releasing license: Implementation
INFO: [DRC 23-27] Running DRC with 2 threads
INFO: [Vivado_Tcl 4-198] DRC finished with 0 Errors
INFO: [Vivado_Tcl 4-199] Please refer to the DRC report (report_drc) for more information.
Running DRC as a precondition to command place_design
INFO: [DRC 23-27] Running DRC with 2 threads
INFO: [Vivado_Tcl 4-198] DRC finished with 0 Errors
INFO: [Vivado_Tcl 4-199] Please refer to the DRC report (report_drc) for more information.
INFO: [Place 30-611] Multithreading enabled for place_design using a maximum of 2 CPUs

Starting Placer Task

Phase 1 Placer Initialization

Phase 1.1 Placer Initialization Netlist Sorting
Netlist sorting complete. Time (s): cpu = 00:00:00 ; elapsed = 00:00:00.011 . Memory (MB): peak = 2347.426 ; gain = 0.000
Phase 1.1 Placer Initialization Netlist Sorting | Checksum: 12065a986

Time (s): cpu = 00:00:00 ; elapsed = 00:00:00.018 . Memory (MB): peak = 2347.426 ; gain = 0.000
Netlist sorting complete. Time (s): cpu = 00:00:00 ; elapsed = 00:00:00.010 . Memory (MB): peak = 2347.426 ; gain = 0.000

Phase 1.2 IO Placement/ Clock Placement/ Build Placer Device
Phase 1.2 IO Placement/ Clock Placement/ Build Placer Device | Checksum: 10bddf25b

Time (s): cpu = 00:00:01 ; elapsed = 00:00:02 . Memory (MB): peak = 2347.426 ; gain = 0.000

Phase 1.3 Build Placer Netlist Model
Phase 1.3 Build Placer Netlist Model | Checksum: 1ac45dbd7

Time (s): cpu = 00:00:06 ; elapsed = 00:00:09 . Memory (MB): peak = 2347.426 ; gain = 0.000

Phase 1.4 Constrain Clocks/Macros
Phase 1.4 Constrain Clocks/Macros | Checksum: 1ac45dbd7

Time (s): cpu = 00:00:06 ; elapsed = 00:00:09 . Memory (MB): peak = 2347.426 ; gain = 0.000
Phase 1 Placer Initialization | Checksum: 1ac45dbd7

Time (s): cpu = 00:00:06 ; elapsed = 00:00:09 . Memory (MB): peak = 2347.426 ; gain = 0.000

Phase 2 Global Placement

Phase 2.1 Floorplanning
Phase 2.1 Floorplanning | Checksum: 1a0e18dbf

Time (s): cpu = 00:00:07 ; elapsed = 00:00:10 . Memory (MB): peak = 2347.426 ; gain = 0.000

Phase 2.2 Update Timing before SLR Path Opt
Phase 2.2 Update Timing before SLR Path Opt | Checksum: 1c31fcf2b

Time (s): cpu = 00:00:08 ; elapsed = 00:00:12 . Memory (MB): peak = 2347.426 ; gain = 0.000

Phase 2.3 Post-Processing in Floorplanning
Phase 2.3 Post-Processing in Floorplanning | Checksum: 1c31fcf2b

Time (s): cpu = 00:00:08 ; elapsed = 00:00:12 . Memory (MB): peak = 2347.426 ; gain = 0.000

Phase 2.4 Global Placement Core

Phase 2.4.1 UpdateTiming Before Physical Synthesis
Phase 2.4.1 UpdateTiming Before Physical Synthesis | Checksum: 1199532aa

Time (s): cpu = 00:00:17 ; elapsed = 00:00:23 . Memory (MB): peak = 2347.426 ; gain = 0.000

Phase 2.4.2 Physical Synthesis In Placer
INFO: [Physopt 32-1035] Found 0 LUTNM shape to break, 449 LUT instances to create LUTNM shape
INFO: [Physopt 32-1044] Break lutnm for timing: one critical 0, two critical 0, total 0, new lutff created 0
INFO: [Physopt 32-1138] End 1 Pass. Optimized 187 nets or LUTs. Breaked 0 LUT, combined 187 existing LUTs and moved 0 existing LUT
INFO: [Physopt 32-65] No nets found for high-fanout optimization.
INFO: [Physopt 32-232] Optimized 0 net. Created 0 new instance.
INFO: [Physopt 32-775] End 1 Pass. Optimized 0 net or cell. Created 0 new cell, deleted 0 existing cell and moved 0 existing cell
INFO: [Physopt 32-670] No setup violation found.  DSP Register Optimization was not performed.
INFO: [Physopt 32-670] No setup violation found.  Shift Register to Pipeline Optimization was not performed.
INFO: [Physopt 32-670] No setup violation found.  Shift Register Optimization was not performed.
INFO: [Physopt 32-670] No setup violation found.  BRAM Register Optimization was not performed.
INFO: [Physopt 32-670] No setup violation found.  URAM Register Optimization was not performed.
INFO: [Physopt 32-949] No candidate nets found for dynamic/static region interface net replication
INFO: [Physopt 32-775] End 1 Pass. Optimized 0 net or cell. Created 0 new cell, deleted 0 existing cell and moved 0 existing cell
Netlist sorting complete. Time (s): cpu = 00:00:00 ; elapsed = 00:00:00.010 . Memory (MB): peak = 2347.426 ; gain = 0.000

Summary of Physical Synthesis Optimizations
============================================


-----------------------------------------------------------------------------------------------------------------------------------------------------------
|  Optimization                                     |  Added Cells  |  Removed Cells  |  Optimized Cells/Nets  |  Dont Touch  |  Iterations  |  Elapsed   |
-----------------------------------------------------------------------------------------------------------------------------------------------------------
|  LUT Combining                                    |            0  |            187  |                   187  |           0  |           1  |  00:00:01  |
|  Retime                                           |            0  |              0  |                     0  |           0  |           1  |  00:00:00  |
|  Very High Fanout                                 |            0  |              0  |                     0  |           0  |           1  |  00:00:00  |
|  DSP Register                                     |            0  |              0  |                     0  |           0  |           0  |  00:00:00  |
|  Shift Register to Pipeline                       |            0  |              0  |                     0  |           0  |           0  |  00:00:00  |
|  Shift Register                                   |            0  |              0  |                     0  |           0  |           0  |  00:00:00  |
|  BRAM Register                                    |            0  |              0  |                     0  |           0  |           0  |  00:00:00  |
|  URAM Register                                    |            0  |              0  |                     0  |           0  |           0  |  00:00:00  |
|  Dynamic/Static Region Interface Net Replication  |            0  |              0  |                     0  |           0  |           1  |  00:00:00  |
|  Total                                            |            0  |            187  |                   187  |           0  |           4  |  00:00:01  |
-----------------------------------------------------------------------------------------------------------------------------------------------------------


Phase 2.4.2 Physical Synthesis In Placer | Checksum: 1d8b5f94b

Time (s): cpu = 00:00:19 ; elapsed = 00:00:25 . Memory (MB): peak = 2347.426 ; gain = 0.000
Phase 2.4 Global Placement Core | Checksum: 15ae120ad

Time (s): cpu = 00:00:19 ; elapsed = 00:00:25 . Memory (MB): peak = 2347.426 ; gain = 0.000
Phase 2 Global Placement | Checksum: 15ae120ad

Time (s): cpu = 00:00:19 ; elapsed = 00:00:25 . Memory (MB): peak = 2347.426 ; gain = 0.000

Phase 3 Detail Placement

Phase 3.1 Commit Multi Column Macros
Phase 3.1 Commit Multi Column Macros | Checksum: f54fdede

Time (s): cpu = 00:00:20 ; elapsed = 00:00:27 . Memory (MB): peak = 2347.426 ; gain = 0.000

Phase 3.2 Commit Most Macros & LUTRAMs
Phase 3.2 Commit Most Macros & LUTRAMs | Checksum: 1918ef56d

Time (s): cpu = 00:00:22 ; elapsed = 00:00:29 . Memory (MB): peak = 2347.426 ; gain = 0.000

Phase 3.3 Area Swap Optimization
Phase 3.3 Area Swap Optimization | Checksum: de145c8c

Time (s): cpu = 00:00:22 ; elapsed = 00:00:30 . Memory (MB): peak = 2347.426 ; gain = 0.000

Phase 3.4 Pipeline Register Optimization
Phase 3.4 Pipeline Register Optimization | Checksum: 184288709

Time (s): cpu = 00:00:22 ; elapsed = 00:00:30 . Memory (MB): peak = 2347.426 ; gain = 0.000

Phase 3.5 Small Shape Detail Placement
Phase 3.5 Small Shape Detail Placement | Checksum: 1512eb8fa

Time (s): cpu = 00:00:24 ; elapsed = 00:00:34 . Memory (MB): peak = 2347.426 ; gain = 0.000

Phase 3.6 Re-assign LUT pins
Phase 3.6 Re-assign LUT pins | Checksum: 14a41fc2a

Time (s): cpu = 00:00:25 ; elapsed = 00:00:35 . Memory (MB): peak = 2347.426 ; gain = 0.000

Phase 3.7 Pipeline Register Optimization
Phase 3.7 Pipeline Register Optimization | Checksum: 1f7cfa27d

Time (s): cpu = 00:00:25 ; elapsed = 00:00:35 . Memory (MB): peak = 2347.426 ; gain = 0.000
Phase 3 Detail Placement | Checksum: 1f7cfa27d

Time (s): cpu = 00:00:25 ; elapsed = 00:00:35 . Memory (MB): peak = 2347.426 ; gain = 0.000

Phase 4 Post Placement Optimization and Clean-Up

Phase 4.1 Post Commit Optimization
INFO: [Timing 38-35] Done setting XDC timing constraints.

Phase 4.1.1 Post Placement Optimization
Post Placement Optimization Initialization | Checksum: 1ac299ad4

Phase 4.1.1.1 BUFG Insertion

Starting Physical Synthesis Task

Phase 1 Physical Synthesis Initialization
INFO: [Physopt 32-721] Multithreading enabled for phys_opt_design using a maximum of 2 CPUs
INFO: [Physopt 32-619] Estimated Timing Summary | WNS=7.028 | TNS=0.000 |
Phase 1 Physical Synthesis Initialization | Checksum: 14897e71b

Time (s): cpu = 00:00:01 ; elapsed = 00:00:01 . Memory (MB): peak = 2347.426 ; gain = 0.000
INFO: [Place 46-33] Processed net u_mwfil_chiftop/u_dut/u_Subsystem1/Subsystem1_tc/enb_1_4_0, BUFG insertion was skipped due to placement/routing conflicts.
INFO: [Place 46-33] Processed net u_mwfil_chiftop/u_dut/u_Subsystem1/Subsystem_Reference_1_1/Absolute_of_Complex_1_1/CORDIC_Square_Root_HDL_Optim_1/Synchronous_Subsystem_1_1/cordicSquareRootHDL_1_1/enb_1_4_0_gated, BUFG insertion was skipped due to placement/routing conflicts.
INFO: [Place 46-33] Processed net u_mwfil_chiftop/u_dut/u_Subsystem1/Subsystem_Reference_1_1/CORDIC_Square_Root_HDL_Optim_1/Synchronous_Subsystem_1/enb_1_4_0_gated, BUFG insertion was skipped due to placement/routing conflicts.
INFO: [Place 46-56] BUFG insertion identified 3 candidate nets. Inserted BUFG: 0, Replicated BUFG Driver: 0, Skipped due to Placement/Routing Conflicts: 3, Skipped due to Timing Degradation: 0, Skipped due to netlist editing failed: 0.
Ending Physical Synthesis Task | Checksum: 209ac8e5d

Time (s): cpu = 00:00:02 ; elapsed = 00:00:02 . Memory (MB): peak = 2347.426 ; gain = 0.000
Phase 4.1.1.1 BUFG Insertion | Checksum: 1ac299ad4

Time (s): cpu = 00:00:30 ; elapsed = 00:00:42 . Memory (MB): peak = 2347.426 ; gain = 0.000

Phase 4.1.1.2 Post Placement Timing Optimization
INFO: [Place 30-746] Post Placement Timing Summary WNS=7.028. For the most accurate timing information please run report_timing.
Phase 4.1.1.2 Post Placement Timing Optimization | Checksum: 21e8aa64d

Time (s): cpu = 00:00:30 ; elapsed = 00:00:42 . Memory (MB): peak = 2347.426 ; gain = 0.000

Time (s): cpu = 00:00:30 ; elapsed = 00:00:42 . Memory (MB): peak = 2347.426 ; gain = 0.000
Phase 4.1 Post Commit Optimization | Checksum: 21e8aa64d

Time (s): cpu = 00:00:30 ; elapsed = 00:00:42 . Memory (MB): peak = 2347.426 ; gain = 0.000

Phase 4.2 Post Placement Cleanup
Phase 4.2 Post Placement Cleanup | Checksum: 21e8aa64d

Time (s): cpu = 00:00:30 ; elapsed = 00:00:42 . Memory (MB): peak = 2347.426 ; gain = 0.000

Phase 4.3 Placer Reporting

Phase 4.3.1 Print Estimated Congestion
INFO: [Place 30-612] Post-Placement Estimated Congestion 
 ____________________________________________________
|           | Global Congestion | Short Congestion  |
| Direction | Region Size       | Region Size       |
|___________|___________________|___________________|
|      North|                1x1|                2x2|
|___________|___________________|___________________|
|      South|                1x1|                2x2|
|___________|___________________|___________________|
|       East|                1x1|                2x2|
|___________|___________________|___________________|
|       West|                1x1|                1x1|
|___________|___________________|___________________|

Phase 4.3.1 Print Estimated Congestion | Checksum: 21e8aa64d

Time (s): cpu = 00:00:30 ; elapsed = 00:00:42 . Memory (MB): peak = 2347.426 ; gain = 0.000
Phase 4.3 Placer Reporting | Checksum: 21e8aa64d

Time (s): cpu = 00:00:30 ; elapsed = 00:00:43 . Memory (MB): peak = 2347.426 ; gain = 0.000

Phase 4.4 Final Placement Cleanup
Netlist sorting complete. Time (s): cpu = 00:00:00 ; elapsed = 00:00:00.013 . Memory (MB): peak = 2347.426 ; gain = 0.000

Time (s): cpu = 00:00:30 ; elapsed = 00:00:43 . Memory (MB): peak = 2347.426 ; gain = 0.000
Phase 4 Post Placement Optimization and Clean-Up | Checksum: 263421c8f

Time (s): cpu = 00:00:30 ; elapsed = 00:00:43 . Memory (MB): peak = 2347.426 ; gain = 0.000
Ending Placer Task | Checksum: 1add1f7aa

Time (s): cpu = 00:00:31 ; elapsed = 00:00:43 . Memory (MB): peak = 2347.426 ; gain = 0.000
82 Infos, 3 Warnings, 0 Critical Warnings and 0 Errors encountered.
place_design completed successfully
place_design: Time (s): cpu = 00:00:34 ; elapsed = 00:00:45 . Memory (MB): peak = 2347.426 ; gain = 0.000
INFO: [Vivado 12-24838] Running report commands "report_control_sets, report_io, report_utilization" in parallel.
Running report generation with 2 threads.
INFO: [Vivado 12-24828] Executing command : report_io -file Subsystem1_fil_io_placed.rpt
report_io: Time (s): cpu = 00:00:00 ; elapsed = 00:00:00.048 . Memory (MB): peak = 2347.426 ; gain = 0.000
INFO: [Vivado 12-24828] Executing command : report_control_sets -verbose -file Subsystem1_fil_control_sets_placed.rpt
report_control_sets: Time (s): cpu = 00:00:00 ; elapsed = 00:00:00.064 . Memory (MB): peak = 2347.426 ; gain = 0.000
INFO: [Vivado 12-24828] Executing command : report_utilization -file Subsystem1_fil_utilization_placed.rpt -pb Subsystem1_fil_utilization_placed.pb
INFO: [Timing 38-480] Writing timing data to binary archive.
Write ShapeDB Complete: Time (s): cpu = 00:00:00 ; elapsed = 00:00:00.099 . Memory (MB): peak = 2347.426 ; gain = 0.000
Wrote PlaceDB: Time (s): cpu = 00:00:02 ; elapsed = 00:00:02 . Memory (MB): peak = 2347.426 ; gain = 0.000
Wrote PulsedLatchDB: Time (s): cpu = 00:00:00 ; elapsed = 00:00:00 . Memory (MB): peak = 2347.426 ; gain = 0.000
Writing XDEF routing.
Writing XDEF routing logical nets.
Writing XDEF routing special nets.
Wrote RouteStorage: Time (s): cpu = 00:00:00 ; elapsed = 00:00:00.058 . Memory (MB): peak = 2347.426 ; gain = 0.000
Wrote Netlist Cache: Time (s): cpu = 00:00:00 ; elapsed = 00:00:00.039 . Memory (MB): peak = 2347.426 ; gain = 0.000
Wrote Device Cache: Time (s): cpu = 00:00:00 ; elapsed = 00:00:00.013 . Memory (MB): peak = 2347.426 ; gain = 0.000
Write Physdb Complete: Time (s): cpu = 00:00:02 ; elapsed = 00:00:02 . Memory (MB): peak = 2347.426 ; gain = 0.000
INFO: [Common 17-1381] The checkpoint 'D:/AGH_Files/Eng_Proj/Matlab_float_model/fixed_model/hdl_prj/fil_prj/fpgaproj/Subsystem1_fil.runs/impl_1/Subsystem1_fil_placed.dcp' has been generated.
Command: phys_opt_design
Attempting to get a license for feature 'Implementation' and/or device 'xc7z010'
INFO: [Common 17-349] Got license for feature 'Implementation' and/or device 'xc7z010'

Starting Initial Update Timing Task

Time (s): cpu = 00:00:04 ; elapsed = 00:00:06 . Memory (MB): peak = 2347.426 ; gain = 0.000
INFO: [Vivado_Tcl 4-2279] Estimated Timing Summary | WNS= 7.028 | TNS= 0.000 | 
INFO: [Vivado_Tcl 4-383] Design worst setup slack (WNS) is greater than or equal to 0.000 ns. All physical synthesis setup optimizations will be skipped.
INFO: [Vivado_Tcl 4-232] No setup violation found. The netlist was not modified.
INFO: [Common 17-83] Releasing license: Implementation
93 Infos, 3 Warnings, 0 Critical Warnings and 0 Errors encountered.
phys_opt_design completed successfully
phys_opt_design: Time (s): cpu = 00:00:04 ; elapsed = 00:00:06 . Memory (MB): peak = 2347.426 ; gain = 0.000
INFO: [Timing 38-480] Writing timing data to binary archive.
Write ShapeDB Complete: Time (s): cpu = 00:00:00 ; elapsed = 00:00:00.192 . Memory (MB): peak = 2347.426 ; gain = 0.000
Wrote PlaceDB: Time (s): cpu = 00:00:03 ; elapsed = 00:00:03 . Memory (MB): peak = 2347.426 ; gain = 0.000
Wrote PulsedLatchDB: Time (s): cpu = 00:00:00 ; elapsed = 00:00:00 . Memory (MB): peak = 2347.426 ; gain = 0.000
Writing XDEF routing.
Writing XDEF routing logical nets.
Writing XDEF routing special nets.
Wrote RouteStorage: Time (s): cpu = 00:00:00 ; elapsed = 00:00:00.063 . Memory (MB): peak = 2347.426 ; gain = 0.000
Wrote Netlist Cache: Time (s): cpu = 00:00:00 ; elapsed = 00:00:00.039 . Memory (MB): peak = 2347.426 ; gain = 0.000
Wrote Device Cache: Time (s): cpu = 00:00:00 ; elapsed = 00:00:00.010 . Memory (MB): peak = 2347.426 ; gain = 0.000
Write Physdb Complete: Time (s): cpu = 00:00:03 ; elapsed = 00:00:03 . Memory (MB): peak = 2347.426 ; gain = 0.000
INFO: [Common 17-1381] The checkpoint 'D:/AGH_Files/Eng_Proj/Matlab_float_model/fixed_model/hdl_prj/fil_prj/fpgaproj/Subsystem1_fil.runs/impl_1/Subsystem1_fil_physopt.dcp' has been generated.
Command: route_design
Attempting to get a license for feature 'Implementation' and/or device 'xc7z010'
INFO: [Common 17-349] Got license for feature 'Implementation' and/or device 'xc7z010'
Running DRC as a precondition to command route_design
INFO: [DRC 23-27] Running DRC with 2 threads
INFO: [Vivado_Tcl 4-198] DRC finished with 0 Errors
INFO: [Vivado_Tcl 4-199] Please refer to the DRC report (report_drc) for more information.


Starting Routing Task
INFO: [Route 35-254] Multithreading enabled for route_design using a maximum of 8 CPUs

Phase 1 Build RT Design
Checksum: PlaceDB: 9a8b6983 ConstDB: 0 ShapeSum: a9ae36fc RouteDB: 6998572b
Post Restoration Checksum: NetGraph: 7a5bd3eb | NumContArr: 8746aa93 | Constraints: c2a8fa9d | Timing: c2a8fa9d
Phase 1 Build RT Design | Checksum: 286f473b8

Time (s): cpu = 00:00:12 ; elapsed = 00:00:13 . Memory (MB): peak = 2393.418 ; gain = 45.992

Phase 2 Router Initialization

Phase 2.1 Fix Topology Constraints
Phase 2.1 Fix Topology Constraints | Checksum: 286f473b8

Time (s): cpu = 00:00:12 ; elapsed = 00:00:13 . Memory (MB): peak = 2393.418 ; gain = 45.992

Phase 2.2 Pre Route Cleanup
Phase 2.2 Pre Route Cleanup | Checksum: 286f473b8

Time (s): cpu = 00:00:12 ; elapsed = 00:00:13 . Memory (MB): peak = 2393.418 ; gain = 45.992
 Number of Nodes with overlaps = 0

Phase 2.3 Update Timing
Phase 2.3 Update Timing | Checksum: 27e622b0b

Time (s): cpu = 00:00:18 ; elapsed = 00:00:19 . Memory (MB): peak = 2429.328 ; gain = 81.902
INFO: [Route 35-416] Intermediate Timing Summary | WNS=7.072  | TNS=0.000  | WHS=-0.277 | THS=-431.181|


Phase 2.4 Update Timing for Bus Skew

Phase 2.4.1 Update Timing
Phase 2.4.1 Update Timing | Checksum: 21d7594f2

Time (s): cpu = 00:00:22 ; elapsed = 00:00:23 . Memory (MB): peak = 2462.211 ; gain = 114.785
INFO: [Route 35-416] Intermediate Timing Summary | WNS=7.072  | TNS=0.000  | WHS=-0.126 | THS=-4.979 |

Phase 2.4 Update Timing for Bus Skew | Checksum: 2a26b3b97

Time (s): cpu = 00:00:22 ; elapsed = 00:00:23 . Memory (MB): peak = 2478.312 ; gain = 130.887

Router Utilization Summary
  Global Vertical Routing Utilization    = 0.0057714 %
  Global Horizontal Routing Utilization  = 0.0011489 %
  Routable Net Status*
  *Does not include unroutable nets such as driverless and loadless.
  Run report_route_status for detailed report.
  Number of Failed Nets               = 20564
    (Failed Nets is the sum of unrouted and partially routed nets)
  Number of Unrouted Nets             = 20564
  Number of Partially Routed Nets     = 0
  Number of Node Overlaps             = 0

Phase 2 Router Initialization | Checksum: 2c31bb7c9

Time (s): cpu = 00:00:22 ; elapsed = 00:00:23 . Memory (MB): peak = 2485.707 ; gain = 138.281

Phase 3 Global Routing
Phase 3 Global Routing | Checksum: 2c31bb7c9

Time (s): cpu = 00:00:22 ; elapsed = 00:00:23 . Memory (MB): peak = 2485.707 ; gain = 138.281

Phase 4 Initial Routing

Phase 4.1 Initial Net Routing Pass
Phase 4.1 Initial Net Routing Pass | Checksum: 1fe246b25

Time (s): cpu = 00:00:24 ; elapsed = 00:00:25 . Memory (MB): peak = 2524.113 ; gain = 176.688
Phase 4 Initial Routing | Checksum: 1fe246b25

Time (s): cpu = 00:00:24 ; elapsed = 00:00:25 . Memory (MB): peak = 2524.113 ; gain = 176.688

Phase 5 Rip-up And Reroute

Phase 5.1 Global Iteration 0
 Number of Nodes with overlaps = 775
 Number of Nodes with overlaps = 26
 Number of Nodes with overlaps = 3
 Number of Nodes with overlaps = 0
INFO: [Route 35-416] Intermediate Timing Summary | WNS=7.721  | TNS=0.000  | WHS=N/A    | THS=N/A    |

Phase 5.1 Global Iteration 0 | Checksum: 305117d3a

Time (s): cpu = 00:00:30 ; elapsed = 00:00:29 . Memory (MB): peak = 2524.113 ; gain = 176.688

Phase 5.2 Global Iteration 1
 Number of Nodes with overlaps = 1
 Number of Nodes with overlaps = 0
INFO: [Route 35-416] Intermediate Timing Summary | WNS=7.721  | TNS=0.000  | WHS=N/A    | THS=N/A    |

Phase 5.2 Global Iteration 1 | Checksum: 2590aec26

Time (s): cpu = 00:00:30 ; elapsed = 00:00:30 . Memory (MB): peak = 2524.113 ; gain = 176.688
Phase 5 Rip-up And Reroute | Checksum: 2590aec26

Time (s): cpu = 00:00:30 ; elapsed = 00:00:30 . Memory (MB): peak = 2524.113 ; gain = 176.688

Phase 6 Delay and Skew Optimization

Phase 6.1 Delay CleanUp
Phase 6.1 Delay CleanUp | Checksum: 2590aec26

Time (s): cpu = 00:00:30 ; elapsed = 00:00:30 . Memory (MB): peak = 2524.113 ; gain = 176.688

Phase 6.2 Clock Skew Optimization
Phase 6.2 Clock Skew Optimization | Checksum: 2590aec26

Time (s): cpu = 00:00:30 ; elapsed = 00:00:30 . Memory (MB): peak = 2524.113 ; gain = 176.688
Phase 6 Delay and Skew Optimization | Checksum: 2590aec26

Time (s): cpu = 00:00:30 ; elapsed = 00:00:30 . Memory (MB): peak = 2524.113 ; gain = 176.688

Phase 7 Post Hold Fix

Phase 7.1 Hold Fix Iter
INFO: [Route 35-416] Intermediate Timing Summary | WNS=7.836  | TNS=0.000  | WHS=0.009  | THS=0.000  |

Phase 7.1 Hold Fix Iter | Checksum: 25a68a596

Time (s): cpu = 00:00:31 ; elapsed = 00:00:31 . Memory (MB): peak = 2524.113 ; gain = 176.688
Phase 7 Post Hold Fix | Checksum: 25a68a596

Time (s): cpu = 00:00:31 ; elapsed = 00:00:31 . Memory (MB): peak = 2524.113 ; gain = 176.688

Phase 8 Route finalize

Router Utilization Summary
  Global Vertical Routing Utilization    = 7.62078 %
  Global Horizontal Routing Utilization  = 10.7792 %
  Routable Net Status*
  *Does not include unroutable nets such as driverless and loadless.
  Run report_route_status for detailed report.
  Number of Failed Nets               = 0
    (Failed Nets is the sum of unrouted and partially routed nets)
  Number of Unrouted Nets             = 0
  Number of Partially Routed Nets     = 0
  Number of Node Overlaps             = 0

Phase 8 Route finalize | Checksum: 25a68a596

Time (s): cpu = 00:00:32 ; elapsed = 00:00:31 . Memory (MB): peak = 2524.113 ; gain = 176.688

Phase 9 Verifying routed nets

 Verification completed successfully
Phase 9 Verifying routed nets | Checksum: 25a68a596

Time (s): cpu = 00:00:32 ; elapsed = 00:00:31 . Memory (MB): peak = 2524.113 ; gain = 176.688

Phase 10 Depositing Routes
Phase 10 Depositing Routes | Checksum: 197456c77

Time (s): cpu = 00:00:32 ; elapsed = 00:00:32 . Memory (MB): peak = 2524.113 ; gain = 176.688

Phase 11 Post Process Routing
Phase 11 Post Process Routing | Checksum: 197456c77

Time (s): cpu = 00:00:33 ; elapsed = 00:00:32 . Memory (MB): peak = 2524.113 ; gain = 176.688

Phase 12 Post Router Timing
INFO: [Route 35-57] Estimated Timing Summary | WNS=7.836  | TNS=0.000  | WHS=0.009  | THS=0.000  |

INFO: [Route 35-327] The final timing numbers are based on the router estimated timing analysis. For a complete and accurate timing signoff, please run report_timing_summary.
Phase 12 Post Router Timing | Checksum: 197456c77

Time (s): cpu = 00:00:33 ; elapsed = 00:00:32 . Memory (MB): peak = 2524.113 ; gain = 176.688
Total Elapsed time in route_design: 32.379 secs

Phase 13 Post-Route Event Processing
Phase 13 Post-Route Event Processing | Checksum: 114e37224

Time (s): cpu = 00:00:33 ; elapsed = 00:00:33 . Memory (MB): peak = 2524.113 ; gain = 176.688
INFO: [Route 35-16] Router Completed Successfully
Ending Routing Task | Checksum: 114e37224

Time (s): cpu = 00:00:33 ; elapsed = 00:00:33 . Memory (MB): peak = 2524.113 ; gain = 176.688

Routing Is Done.
INFO: [Common 17-83] Releasing license: Implementation
109 Infos, 3 Warnings, 0 Critical Warnings and 0 Errors encountered.
route_design completed successfully
route_design: Time (s): cpu = 00:00:36 ; elapsed = 00:00:35 . Memory (MB): peak = 2524.113 ; gain = 176.688
INFO: [Vivado 12-24828] Executing command : report_drc -file Subsystem1_fil_drc_routed.rpt -pb Subsystem1_fil_drc_routed.pb -rpx Subsystem1_fil_drc_routed.rpx
Command: report_drc -file Subsystem1_fil_drc_routed.rpt -pb Subsystem1_fil_drc_routed.pb -rpx Subsystem1_fil_drc_routed.rpx
INFO: [IP_Flow 19-1839] IP Catalog is up to date.
INFO: [DRC 23-27] Running DRC with 2 threads
INFO: [Vivado_Tcl 2-168] The results of DRC are in file D:/AGH_Files/Eng_Proj/Matlab_float_model/fixed_model/hdl_prj/fil_prj/fpgaproj/Subsystem1_fil.runs/impl_1/Subsystem1_fil_drc_routed.rpt.
report_drc completed successfully
INFO: [Vivado 12-24828] Executing command : report_methodology -file Subsystem1_fil_methodology_drc_routed.rpt -pb Subsystem1_fil_methodology_drc_routed.pb -rpx Subsystem1_fil_methodology_drc_routed.rpx
Command: report_methodology -file Subsystem1_fil_methodology_drc_routed.rpt -pb Subsystem1_fil_methodology_drc_routed.pb -rpx Subsystem1_fil_methodology_drc_routed.rpx
INFO: [Timing 38-35] Done setting XDC timing constraints.
INFO: [DRC 23-133] Running Methodology with 2 threads
INFO: [Vivado_Tcl 2-1520] The results of Report Methodology are in file D:/AGH_Files/Eng_Proj/Matlab_float_model/fixed_model/hdl_prj/fil_prj/fpgaproj/Subsystem1_fil.runs/impl_1/Subsystem1_fil_methodology_drc_routed.rpt.
report_methodology completed successfully
report_methodology: Time (s): cpu = 00:00:13 ; elapsed = 00:00:12 . Memory (MB): peak = 2525.133 ; gain = 1.020
INFO: [Vivado 12-24828] Executing command : report_timing_summary -max_paths 10 -report_unconstrained -file Subsystem1_fil_timing_summary_routed.rpt -pb Subsystem1_fil_timing_summary_routed.pb -rpx Subsystem1_fil_timing_summary_routed.rpx -warn_on_violation 
INFO: [Timing 38-35] Done setting XDC timing constraints.
INFO: [Timing 38-91] UpdateTimingParams: Speed grade: -1, Delay Type: min_max.
INFO: [Timing 38-191] Multithreading enabled for timing update using a maximum of 2 CPUs
WARNING: [Timing 38-436] There are set_bus_skew constraint(s) in this design. Please run report_bus_skew to ensure that bus skew requirements are met.
INFO: [Vivado 12-24838] Running report commands "report_incremental_reuse, report_route_status" in parallel.
Running report generation with 2 threads.
INFO: [Vivado 12-24828] Executing command : report_incremental_reuse -file Subsystem1_fil_incremental_reuse_routed.rpt
INFO: [Vivado_Tcl 4-1062] Incremental flow is disabled. No incremental reuse Info to report.
INFO: [Vivado 12-24828] Executing command : report_route_status -file Subsystem1_fil_route_status.rpt -pb Subsystem1_fil_route_status.pb
INFO: [Vivado 12-24828] Executing command : report_power -file Subsystem1_fil_power_routed.rpt -pb Subsystem1_fil_power_summary_routed.pb -rpx Subsystem1_fil_power_routed.rpx
Command: report_power -file Subsystem1_fil_power_routed.rpt -pb Subsystem1_fil_power_summary_routed.pb -rpx Subsystem1_fil_power_routed.rpx
Running Vector-less Activity Propagation...

Finished Running Vector-less Activity Propagation
126 Infos, 4 Warnings, 0 Critical Warnings and 0 Errors encountered.
report_power completed successfully
INFO: [Vivado 12-24828] Executing command : report_clock_utilization -file Subsystem1_fil_clock_utilization_routed.rpt
WARNING: [Device 21-9320] Failed to find the Oracle tile group with name 'HSR_BOUNDARY_TOP'. This is required for Clock regions and Virtual grid.
WARNING: [Device 21-2174] Failed to initialize Virtual grid.
INFO: [Vivado 12-24828] Executing command : report_bus_skew -warn_on_violation -file Subsystem1_fil_bus_skew_routed.rpt -pb Subsystem1_fil_bus_skew_routed.pb -rpx Subsystem1_fil_bus_skew_routed.rpx
INFO: [Timing 38-91] UpdateTimingParams: Speed grade: -1, Delay Type: min_max.
INFO: [Timing 38-191] Multithreading enabled for timing update using a maximum of 2 CPUs
generate_parallel_reports: Time (s): cpu = 00:00:27 ; elapsed = 00:00:24 . Memory (MB): peak = 2544.035 ; gain = 19.922
INFO: [Timing 38-480] Writing timing data to binary archive.
Write ShapeDB Complete: Time (s): cpu = 00:00:00 ; elapsed = 00:00:00.131 . Memory (MB): peak = 2571.793 ; gain = 13.301
Wrote PlaceDB: Time (s): cpu = 00:00:02 ; elapsed = 00:00:02 . Memory (MB): peak = 2574.723 ; gain = 16.211
Wrote PulsedLatchDB: Time (s): cpu = 00:00:00 ; elapsed = 00:00:00 . Memory (MB): peak = 2574.723 ; gain = 0.000
Writing XDEF routing.
Writing XDEF routing logical nets.
Writing XDEF routing special nets.
Wrote RouteStorage: Time (s): cpu = 00:00:00 ; elapsed = 00:00:00.260 . Memory (MB): peak = 2574.723 ; gain = 0.000
Wrote Netlist Cache: Time (s): cpu = 00:00:00 ; elapsed = 00:00:00.039 . Memory (MB): peak = 2574.723 ; gain = 0.000
Wrote Device Cache: Time (s): cpu = 00:00:00 ; elapsed = 00:00:00.010 . Memory (MB): peak = 2574.723 ; gain = 0.000
Write Physdb Complete: Time (s): cpu = 00:00:02 ; elapsed = 00:00:02 . Memory (MB): peak = 2574.723 ; gain = 16.211
INFO: [Common 17-1381] The checkpoint 'D:/AGH_Files/Eng_Proj/Matlab_float_model/fixed_model/hdl_prj/fil_prj/fpgaproj/Subsystem1_fil.runs/impl_1/Subsystem1_fil_routed.dcp' has been generated.
INFO: [Common 17-206] Exiting Vivado at Thu Dec 19 13:26:09 2024...
