Copyright 1986-2022 Xilinx, Inc. All Rights Reserved. Copyright 2022-2024 Advanced Micro Devices, Inc. All Rights Reserved.
---------------------------------------------------------------------------------------------------------------------------------------------
| Tool Version : Vivado v.2024.1 (win64) Build 5076996 Wed May 22 18:37:14 MDT 2024
| Date         : Thu Dec 19 13:25:45 2024
| Host         : DESKTOP-6L1QCGQ running 64-bit major release  (build 9200)
| Command      : report_drc -file Subsystem1_fil_drc_routed.rpt -pb Subsystem1_fil_drc_routed.pb -rpx Subsystem1_fil_drc_routed.rpx
| Design       : Subsystem1_fil
| Device       : xc7z010clg400-1
| Speed File   : -1
| Design State : Fully Routed
---------------------------------------------------------------------------------------------------------------------------------------------

Report DRC

Table of Contents
-----------------
1. REPORT SUMMARY
2. REPORT DETAILS

1. REPORT SUMMARY
-----------------
            Netlist: netlist
          Floorplan: design_1
      Design limits: <entire design considered>
           Ruledeck: default
             Max violations: <unlimited>
             Violations found: 7
+-----------+----------+--------------------+------------+
| Rule      | Severity | Description        | Violations |
+-----------+----------+--------------------+------------+
| DPIP-1    | Warning  | Input pipelining   | 5          |
| RTSTAT-10 | Warning  | No routable loads  | 1          |
| ZPS7-1    | Warning  | PS7 block required | 1          |
+-----------+----------+--------------------+------------+

2. REPORT DETAILS
-----------------
DPIP-1#1 Warning
Input pipelining  
DSP u_mwfil_chiftop/u_dut/u_Subsystem1/Subsystem_Reference_1_1/Multiply_Accumulate_add_add_temp input u_mwfil_chiftop/u_dut/u_Subsystem1/Subsystem_Reference_1_1/Multiply_Accumulate_add_add_temp/A[29:0] is not pipelined. Pipelining DSP48 input will improve performance.
Related violations: <none>

DPIP-1#2 Warning
Input pipelining  
DSP u_mwfil_chiftop/u_dut/u_Subsystem1/Subsystem_Reference_1_1/Multiply_Accumulate_add_add_temp input u_mwfil_chiftop/u_dut/u_Subsystem1/Subsystem_Reference_1_1/Multiply_Accumulate_add_add_temp/B[17:0] is not pipelined. Pipelining DSP48 input will improve performance.
Related violations: <none>

DPIP-1#3 Warning
Input pipelining  
DSP u_mwfil_chiftop/u_dut/u_Subsystem1/Subsystem_Reference_1_1/Multiply_Accumulate_add_add_temp input u_mwfil_chiftop/u_dut/u_Subsystem1/Subsystem_Reference_1_1/Multiply_Accumulate_add_add_temp/C[47:0] is not pipelined. Pipelining DSP48 input will improve performance.
Related violations: <none>

DPIP-1#4 Warning
Input pipelining  
DSP u_mwfil_chiftop/u_dut/u_Subsystem1/myRMS_1_1/Multiply_Accumulate_add_add_temp input u_mwfil_chiftop/u_dut/u_Subsystem1/myRMS_1_1/Multiply_Accumulate_add_add_temp/A[29:0] is not pipelined. Pipelining DSP48 input will improve performance.
Related violations: <none>

DPIP-1#5 Warning
Input pipelining  
DSP u_mwfil_chiftop/u_dut/u_Subsystem1/myRMS_1_1/Multiply_Accumulate_add_add_temp input u_mwfil_chiftop/u_dut/u_Subsystem1/myRMS_1_1/Multiply_Accumulate_add_add_temp/C[47:0] is not pipelined. Pipelining DSP48 input will improve performance.
Related violations: <none>

RTSTAT-10#1 Warning
No routable loads  
22 net(s) have no routable loads. The problem bus(es) and/or net(s) are u_jtag_mac/u_post_chif_fifo/u_jtag_mac_fifo/U0/inst_fifo_gen/gconvfifo.rf/grf.rf/gntv_or_sync_fifo.gl0.rd/gras.rsts/ram_empty_i,
u_jtag_mac/u_post_chif_fifo/u_jtag_mac_fifo/U0/inst_fifo_gen/gconvfifo.rf/grf.rf/gntv_or_sync_fifo.gl0.wr/gwas.wsts/ram_full_i,
u_jtag_mac/u_post_chif_fifo/u_jtag_mac_fifo/U0/inst_fifo_gen/gconvfifo.rf/grf.rf/rstblk/ngwrdrst.grst.rd_rst_reg[2:0],
u_jtag_mac/u_post_chif_fifo/u_jtag_mac_fifo/U0/inst_fifo_gen/gconvfifo.rf/grf.rf/rstblk/ngwrdrst.grst.wr_rst_reg[2:0],
u_jtag_mac/u_pre_chif_fifo/u_jtag_mac_fifo/U0/inst_fifo_gen/gconvfifo.rf/grf.rf/gntv_or_sync_fifo.gl0.wr/gwas.wsts/ram_full_i,
u_jtag_mac/u_pre_chif_fifo/u_jtag_mac_fifo/U0/inst_fifo_gen/gconvfifo.rf/grf.rf/rstblk/ngwrdrst.grst.rd_rst_reg[2:0],
u_jtag_mac/u_pre_chif_fifo/u_jtag_mac_fifo/U0/inst_fifo_gen/gconvfifo.rf/grf.rf/rstblk/ngwrdrst.grst.wr_rst_reg[2:0],
u_jtag_mac/u_simcycle_fifo/u_simcycle_fifo/U0/inst_fifo_gen/gconvfifo.rf/grf.rf/gntv_or_sync_fifo.gl0.wr/gwas.wsts/ram_full_i,
u_jtag_mac/u_simcycle_fifo/u_simcycle_fifo/U0/inst_fifo_gen/gconvfifo.rf/grf.rf/rstblk/ngwrdrst.grst.rd_rst_reg[2:0]
u_jtag_mac/u_simcycle_fifo/u_simcycle_fifo/U0/inst_fifo_gen/gconvfifo.rf/grf.rf/rstblk/ngwrdrst.grst.wr_rst_reg[2:0].
Related violations: <none>

ZPS7-1#1 Warning
PS7 block required  
The PS7 cell must be used in this Zynq design in order to enable correct default configuration.
Related violations: <none>


