Copyright 1986-2022 Xilinx, Inc. All Rights Reserved. Copyright 2022-2024 Advanced Micro Devices, Inc. All Rights Reserved.
---------------------------------------------------------------------------------------------------------------------------------------------
| Tool Version : Vivado v.2024.1 (win64) Build 5076996 Wed May 22 18:37:14 MDT 2024
| Date         : Thu Dec 19 13:24:53 2024
| Host         : DESKTOP-6L1QCGQ running 64-bit major release  (build 9200)
| Command      : report_control_sets -verbose -file Subsystem1_fil_control_sets_placed.rpt
| Design       : Subsystem1_fil
| Device       : xc7z010
---------------------------------------------------------------------------------------------------------------------------------------------

Control Set Information

Table of Contents
-----------------
1. Summary
2. Histogram
3. Flip-Flop Distribution
4. Detailed Control Set Information

1. Summary
----------

+----------------------------------------------------------+-------+
|                          Status                          | Count |
+----------------------------------------------------------+-------+
| Total control sets                                       |   179 |
|    Minimum number of control sets                        |   179 |
|    Addition due to synthesis replication                 |     0 |
|    Addition due to physical synthesis replication        |     0 |
| Unused register locations in slices containing registers |   516 |
+----------------------------------------------------------+-------+
* Control sets can be merged at opt_design using control_set_merge or merge_equivalent_drivers
** Run report_qor_suggestions for automated merging and remapping suggestions


2. Histogram
------------

+--------------------+-------+
|       Fanout       | Count |
+--------------------+-------+
| Total control sets |   179 |
| >= 0 to < 4        |     1 |
| >= 4 to < 6        |    30 |
| >= 6 to < 8        |    14 |
| >= 8 to < 10       |    18 |
| >= 10 to < 12      |    13 |
| >= 12 to < 14      |    10 |
| >= 14 to < 16      |     7 |
| >= 16              |    86 |
+--------------------+-------+
* Control sets can be remapped at either synth_design or opt_design


3. Flip-Flop Distribution
-------------------------

+--------------+-----------------------+------------------------+-----------------+--------------+
| Clock Enable | Synchronous Set/Reset | Asynchronous Set/Reset | Total Registers | Total Slices |
+--------------+-----------------------+------------------------+-----------------+--------------+
| No           | No                    | No                     |             455 |          141 |
| No           | No                    | Yes                    |               0 |            0 |
| No           | Yes                   | No                     |             492 |          174 |
| Yes          | No                    | No                     |             775 |          169 |
| Yes          | No                    | Yes                    |               0 |            0 |
| Yes          | Yes                   | No                     |           13722 |         3056 |
+--------------+-----------------------+------------------------+-----------------+--------------+


4. Detailed Control Set Information
-----------------------------------

+----------------------------+--------------------------------------------------------------------------------------------------------------------------------------------------------------------------------------------------------+--------------------------------------------------------------------------------------------------------------------------------------------------------+------------------+----------------+--------------+
|        Clock Signal        |                                                                                              Enable Signal                                                                                             |                                                                    Set/Reset Signal                                                                    | Slice Load Count | Bel Load Count | Bels / Slice |
+----------------------------+--------------------------------------------------------------------------------------------------------------------------------------------------------------------------------------------------------+--------------------------------------------------------------------------------------------------------------------------------------------------------+------------------+----------------+--------------+
|  u_clk_wiz_0/inst/clk_out1 |                                                                                                                                                                                                        | u_jtag_mac/u_pre_chif_fifo/u_jtag_mac_fifo/U0/inst_fifo_gen/gconvfifo.rf/grf.rf/rstblk/ngwrdrst.grst.g7serrst.gsckt_wrst.gic_rst.sckt_rd_rst_ic_reg_0  |                1 |              3 |         3.00 |
|  u_clk_wiz_0/inst/clk_out1 | u_mwfil_chiftop/u_mwfil_chifcore/CHIF2DUT.u_bus2dut/E[0]                                                                                                                                               | u_jtag_mac/chif_reset                                                                                                                                  |                2 |              4 |         2.00 |
|  u_clk_wiz_0/inst/clk_out1 | u_mwfil_chiftop/u_dut/u_Subsystem1/FFT_1_1/SDF2_2_1_1/SDFCOMMUTATOR_2_1/SDFCummutator_xX_vld_reg                                                                                                       | u_mwfil_chiftop/u_dut/u_Subsystem1/Subsystem1_tc/SDFOutmux_btfPipe_vld_0                                                                               |                2 |              4 |         2.00 |
|  u_clk_wiz_0/inst/clk_out1 | u_mwfil_chiftop/u_dut/u_Subsystem1/Subsystem1_tc/enb_1_4_0                                                                                                                                             | u_mwfil_chiftop/u_dut/u_Subsystem1/Subsystem1_tc/SDFController_multiply_J_reg_10                                                                       |                2 |              4 |         2.00 |
|  u_clk_wiz_0/inst/clk_out1 | u_mwfil_chiftop/u_mwfil_chifcore/DUT2CHIF.u_d2bfifo/u_dpscram/E[0]                                                                                                                                     | u_jtag_mac/chif_reset                                                                                                                                  |                1 |              4 |         4.00 |
|  u_clk_wiz_0/inst/clk_out1 |                                                                                                                                                                                                        | u_mwfil_chiftop/u_dut/u_Subsystem1/Subsystem1_tc/user_rst_assert_reg[0]                                                                                |                3 |              4 |         1.33 |
|  u_clk_wiz_0/inst/clk_out1 | u_mwfil_chiftop/u_mwfil_chifcore/DUT2CHIF.u_dut2bus/E[0]                                                                                                                                               | u_jtag_mac/chif_reset                                                                                                                                  |                1 |              4 |         4.00 |
|  TCK_BUFG                  |                                                                                                                                                                                                        | u_jtag_mac/sm_cnt[2]                                                                                                                                   |                2 |              4 |         2.00 |
|  TCK_BUFG                  |                                                                                                                                                                                                        | u_jtag_mac/u_pre_chif_fifo/u_jtag_mac_fifo/U0/inst_fifo_gen/gconvfifo.rf/grf.rf/rstblk/ngwrdrst.grst.g7serrst.gsckt_wrst.gic_rst.sckt_wr_rst_ic_reg_0  |                2 |              4 |         2.00 |
|  u_clk_wiz_0/inst/clk_out1 |                                                                                                                                                                                                        | u_jtag_mac/u_post_chif_fifo/u_jtag_mac_fifo/U0/inst_fifo_gen/gconvfifo.rf/grf.rf/rstblk/ngwrdrst.grst.g7serrst.gsckt_wrst.gic_rst.sckt_wr_rst_ic_reg_0 |                1 |              4 |         4.00 |
|  u_clk_wiz_0/inst/clk_out1 |                                                                                                                                                                                                        | u_mwfil_chiftop/u_dut/u_Subsystem1/Subsystem1_tc/user_rst_assert_reg_7[0]                                                                              |                2 |              4 |         2.00 |
|  u_clk_wiz_0/inst/clk_out1 | u_mwfil_chiftop/u_dut/u_Subsystem1/FFT_1_1/SDF1_3_1_1/SDFCOMMUTATOR_3_1/SDFCummutator_xX_vld_reg                                                                                                       | u_mwfil_chiftop/u_dut/u_Subsystem1/Subsystem1_tc/SDFOutmux_btfPipe_vld_1                                                                               |                2 |              4 |         2.00 |
|  u_clk_wiz_0/inst/clk_out1 |                                                                                                                                                                                                        | u_mwfil_chiftop/u_dut/u_Subsystem1/Subsystem1_tc/user_rst_assert_reg_3[0]                                                                              |                2 |              4 |         2.00 |
|  u_clk_wiz_0/inst/clk_out1 | u_mwfil_chiftop/u_mwfil_chifcore/u_controller/empty_tmp_reg[0]                                                                                                                                         | u_jtag_mac/chif_reset                                                                                                                                  |                2 |              4 |         2.00 |
|  u_clk_wiz_0/inst/clk_out1 | u_mwfil_chiftop/u_mwfil_chifcore/u_controller/LOCKEDSTEP_CTRL.dut_enable_int_reg_0                                                                                                                     | u_mwfil_chiftop/u_dut/u_Subsystem1/mergedDelay_waddr_1[3]_i_1_n_0                                                                                      |                1 |              4 |         4.00 |
|  u_clk_wiz_0/inst/clk_out1 | u_mwfil_chiftop/u_dut/u_Subsystem1/FFT_1_1/SDF2_4_1_1/SDFCOMMUTATOR_4_1/SDFCummutator_xX_vld_reg                                                                                                       | u_mwfil_chiftop/u_dut/u_Subsystem1/Subsystem1_tc/SDFOutmux_btfPipe_vld_3                                                                               |                2 |              4 |         2.00 |
|  u_clk_wiz_0/inst/clk_out1 | u_mwfil_chiftop/u_mwfil_chifcore/u_controller/LOCKEDSTEP_CTRL.dut_enable_int_reg_0                                                                                                                     | u_mwfil_chiftop/u_dut/u_Subsystem1/Subsystem_Reference_1_1/delayMatch1_waddr[3]_i_1_n_0                                                                |                1 |              4 |         4.00 |
|  u_clk_wiz_0/inst/clk_out1 | u_mwfil_chiftop/u_dut/u_Subsystem1/FFT_1_1/SDF1_1_1_1/SDFCOMMUTATOR_1_1/SDFCummutator_xX_vld_reg                                                                                                       | u_mwfil_chiftop/u_dut/u_Subsystem1/Subsystem1_tc/SDFOutmux_btfPipe_vld                                                                                 |                2 |              4 |         2.00 |
|  u_clk_wiz_0/inst/clk_out1 | u_mwfil_chiftop/u_dut/u_Subsystem1/FFT_1_1/CTRL1_7_1_1/SDFController_wrCount[3]_i_1__5_n_0                                                                                                             | u_mwfil_chiftop/u_dut/u_Subsystem1/Subsystem1_tc/user_rst_assert_reg_3[0]                                                                              |                1 |              4 |         4.00 |
|  u_clk_wiz_0/inst/clk_out1 |                                                                                                                                                                                                        | u_mwfil_chiftop/u_dut/u_Subsystem1/Subsystem1_tc/user_rst_assert_reg_1[0]                                                                              |                1 |              4 |         4.00 |
|  u_clk_wiz_0/inst/clk_out1 | u_mwfil_chiftop/u_dut/u_Subsystem1/FFT_1_1/CTRL1_7_1_1/SDFController_rdAddr_reg                                                                                                                        | u_mwfil_chiftop/u_dut/u_Subsystem1/Subsystem1_tc/user_rst_assert_reg_3[0]                                                                              |                2 |              4 |         2.00 |
|  u_clk_wiz_0/inst/clk_out1 | u_mwfil_chiftop/u_dut/u_Subsystem1/FFT_1_1/SDF1_5_1_1/SDFCOMMUTATOR_5_1/SDFCummutator_xX_vld_reg                                                                                                       | u_mwfil_chiftop/u_dut/u_Subsystem1/Subsystem1_tc/SDFOutmux_btfPipe_vld_5                                                                               |                2 |              4 |         2.00 |
|  u_clk_wiz_0/inst/clk_out1 | u_mwfil_chiftop/u_dut/u_Subsystem1/FFT_1_1/SDF1_7_1_1/SDFCOMMUTATOR_7_1/SDFCummutator_rdCnt                                                                                                            | u_mwfil_chiftop/u_dut/u_Subsystem1/Subsystem1_tc/user_rst_assert_reg_4[0]                                                                              |                2 |              4 |         2.00 |
|  u_clk_wiz_0/inst/clk_out1 | u_mwfil_chiftop/u_dut/u_Subsystem1/FFT_1_1/SDF1_7_1_1/SDFCOMMUTATOR_7_1/SDFCummutator_xX_vld_reg                                                                                                       | u_mwfil_chiftop/u_dut/u_Subsystem1/Subsystem1_tc/user_rst_assert_reg_4[0]                                                                              |                2 |              4 |         2.00 |
|  u_clk_wiz_0/inst/clk_out1 | u_mwfil_chiftop/u_dut/u_Subsystem1/FFT_1_1/SDF2_6_1_1/SDFCOMMUTATOR_6_1/SDFCummutator_xX_vld_reg                                                                                                       | u_mwfil_chiftop/u_dut/u_Subsystem1/Subsystem1_tc/SR[0]                                                                                                 |                2 |              4 |         2.00 |
|  u_clk_wiz_0/inst/clk_out1 | u_mwfil_chiftop/u_dut/u_Subsystem1/Subsystem_Reference_1_1/Real_Divide_HDL_Optimized_1_1/ForEach_Real_Divide_instance/Divide_real_numerator_by_den_1/normalizedCORDICDivide_1_1/user_rst_assert_reg[0] |                                                                                                                                                        |                3 |              5 |         1.67 |
|  u_clk_wiz_0/inst/clk_out1 | u_mwfil_chiftop/u_dut/u_Subsystem1/Subsystem1_tc/enb_1_4_0                                                                                                                                             | u_mwfil_chiftop/u_dut/u_Subsystem1/FFT_1_1/twdlROM_7_1_1_1/Radix22TwdlMapping_twdlAddr_raw[7]                                                          |                2 |              5 |         2.50 |
|  u_clk_wiz_0/inst/clk_out1 | u_mwfil_chiftop/u_dut/u_Subsystem1/Subsystem1_tc/SDFOutmux_btfPipe_vld_reg_1[0]                                                                                                                        | u_mwfil_chiftop/u_dut/u_Subsystem1/Subsystem1_tc/user_rst_assert_reg_2[0]                                                                              |                1 |              5 |         5.00 |
|  u_clk_wiz_0/inst/clk_out1 | u_mwfil_chiftop/u_dut/u_Subsystem1/FFT_1_1/SDF2_6_1_1/SDFCOMMUTATOR_6_1/SDFCummutator_rdCnt                                                                                                            | u_mwfil_chiftop/u_dut/u_Subsystem1/Subsystem1_tc/SR[0]                                                                                                 |                1 |              5 |         5.00 |
|  u_clk_wiz_0/inst/clk_out1 | u_mwfil_chiftop/u_dut/u_Subsystem1/FFT_1_1/CTRL2_6_1_1/SDFController_rdAddr_reg                                                                                                                        | u_mwfil_chiftop/u_dut/u_Subsystem1/Subsystem1_tc/SDFController_multiply_J_reg_6                                                                        |                2 |              5 |         2.50 |
|  u_clk_wiz_0/inst/clk_out1 | u_mwfil_chiftop/u_dut/u_Subsystem1/FFT_1_1/CTRL2_6_1_1/SDFController_wrCount[4]_i_1__4_n_0                                                                                                             | u_mwfil_chiftop/u_dut/u_Subsystem1/Subsystem1_tc/SDFController_multiply_J_reg_6                                                                        |                1 |              5 |         5.00 |
|  u_clk_wiz_0/inst/clk_out1 | u_mwfil_chiftop/u_dut/u_Subsystem1/Subsystem1_tc/enb_1_4_0                                                                                                                                             | u_mwfil_chiftop/u_dut/u_Subsystem1/Subsystem1_tc/twdlOctantReg                                                                                         |                1 |              6 |         6.00 |
|  u_clk_wiz_0/inst/clk_out1 |                                                                                                                                                                                                        | u_mwfil_chiftop/u_dut/u_Subsystem1/Subsystem1_tc/SDFOutmux_btf2Pipe_im                                                                                 |                2 |              6 |         3.00 |
|  u_clk_wiz_0/inst/clk_out1 |                                                                                                                                                                                                        | u_mwfil_chiftop/u_dut/u_Subsystem1/Subsystem1_tc/SDFController_multiply_J_reg                                                                          |                2 |              6 |         3.00 |
|  u_clk_wiz_0/inst/clk_out1 | u_mwfil_chiftop/u_dut/u_Subsystem1/FFT_1_1/CTRL1_5_1_1/SDFController_wrCount[5]_i_1__3_n_0                                                                                                             | u_mwfil_chiftop/u_dut/u_Subsystem1/Subsystem1_tc/user_rst_assert_reg_1[0]                                                                              |                2 |              6 |         3.00 |
|  u_clk_wiz_0/inst/clk_out1 | u_mwfil_chiftop/u_dut/u_Subsystem1/FFT_1_1/CTRL1_5_1_1/SDFController_rdAddr_reg                                                                                                                        | u_mwfil_chiftop/u_dut/u_Subsystem1/Subsystem1_tc/user_rst_assert_reg_1[0]                                                                              |                2 |              6 |         3.00 |
|  u_clk_wiz_0/inst/clk_out1 |                                                                                                                                                                                                        | u_mwfil_chiftop/u_dut/u_Subsystem1/Subsystem1_tc/SDFController_multiply_J_reg_2                                                                        |                2 |              6 |         3.00 |
|  u_clk_wiz_0/inst/clk_out1 |                                                                                                                                                                                                        | u_mwfil_chiftop/u_dut/u_Subsystem1/Subsystem1_tc/SDFController_multiply_J_reg_6                                                                        |                4 |              6 |         1.50 |
|  u_clk_wiz_0/inst/clk_out1 | u_mwfil_chiftop/u_dut/u_Subsystem1/FFT_1_1/SDF1_5_1_1/SDFCOMMUTATOR_5_1/SDFCummutator_rdCnt                                                                                                            | u_mwfil_chiftop/u_dut/u_Subsystem1/Subsystem1_tc/SDFOutmux_btfPipe_vld_5                                                                               |                2 |              6 |         3.00 |
|  u_clk_wiz_0/inst/clk_out1 | u_mwfil_chiftop/u_dut/u_Subsystem1/FFT_1_1/CTRL2_4_1_1/SDFController_wrCount[6]_i_1__2_n_0                                                                                                             | u_mwfil_chiftop/u_dut/u_Subsystem1/Subsystem1_tc/SDFController_multiply_J_reg_2                                                                        |                3 |              7 |         2.33 |
|  u_clk_wiz_0/inst/clk_out1 | u_mwfil_chiftop/u_dut/u_Subsystem1/Subsystem1_tc/enb_1_4_0                                                                                                                                             | u_mwfil_chiftop/u_dut/u_Subsystem1/FFT_1_1/twdlROM_5_1_1_1/Radix22TwdlMapping_twdlAddr_raw[7]                                                          |                2 |              7 |         3.50 |
|  u_clk_wiz_0/inst/clk_out1 | u_mwfil_chiftop/u_dut/u_Subsystem1/FFT_1_1/SDF2_4_1_1/SDFCOMMUTATOR_4_1/SDFCummutator_rdCnt                                                                                                            | u_mwfil_chiftop/u_dut/u_Subsystem1/Subsystem1_tc/SDFOutmux_btfPipe_vld_3                                                                               |                2 |              7 |         3.50 |
|  u_clk_wiz_0/inst/clk_out1 | u_mwfil_chiftop/u_dut/u_Subsystem1/FFT_1_1/CTRL2_4_1_1/SDFController_rdAddr_reg                                                                                                                        | u_mwfil_chiftop/u_dut/u_Subsystem1/Subsystem1_tc/SDFController_multiply_J_reg_2                                                                        |                3 |              7 |         2.33 |
|  u_clk_wiz_0/inst/clk_out1 | u_mwfil_chiftop/u_dut/u_Subsystem1/Subsystem1_tc/SDFOutmux_btfPipe_vld_reg_0[0]                                                                                                                        | u_mwfil_chiftop/u_dut/u_Subsystem1/Subsystem1_tc/twdl45Reg_4                                                                                           |                3 |              7 |         2.33 |
|  TCK_BUFG                  |                                                                                                                                                                                                        | u_jtag_mac/ver_output_reg[16]_i_1_n_0                                                                                                                  |                1 |              7 |         7.00 |
|  u_clk_wiz_0/inst/clk_out1 | u_mwfil_chiftop/u_dut/u_Subsystem1/Subsystem1_tc/enb_1_4_0                                                                                                                                             | u_mwfil_chiftop/u_dut/u_Subsystem1/Subsystem1_tc/twdl45Reg_4                                                                                           |                2 |              8 |         4.00 |
|  u_clk_wiz_0/inst/clk_out1 | u_mwfil_chiftop/u_dut/u_Subsystem1/Subsystem1_tc/enb_1_4_0                                                                                                                                             | u_mwfil_chiftop/u_dut/u_Subsystem1/Subsystem1_tc/user_rst_assert_reg_2[0]                                                                              |                2 |              8 |         4.00 |
|  u_clk_wiz_0/inst/clk_out1 | u_mwfil_chiftop/u_dut/u_Subsystem1/FFT_1_1/SDF1_3_1_1/SDFCOMMUTATOR_3_1/SDFCummutator_rdCnt                                                                                                            | u_mwfil_chiftop/u_dut/u_Subsystem1/Subsystem1_tc/SDFOutmux_btfPipe_vld_1                                                                               |                3 |              8 |         2.67 |
|  u_clk_wiz_0/inst/clk_out1 | u_mwfil_chiftop/u_dut/u_Subsystem1/Subsystem1_tc/enb_1_4_0                                                                                                                                             | u_mwfil_chiftop/u_dut/u_Subsystem1/Subsystem1_tc/twdl45Reg                                                                                             |                1 |              8 |         8.00 |
|  u_clk_wiz_0/inst/clk_out1 | u_mwfil_chiftop/u_mwfil_chifcore/DUT2CHIF.u_dut2bus/dout[7]_i_1_n_0                                                                                                                                    | u_jtag_mac/chif_reset                                                                                                                                  |                2 |              8 |         4.00 |
|  u_clk_wiz_0/inst/clk_out1 | u_jtag_mac/u_simcycle_fifo/u_simcycle_fifo/U0/inst_fifo_gen/gconvfifo.rf/grf.rf/gntv_or_sync_fifo.gl0.rd/gras.rsts/E[0]                                                                                | u_jtag_mac/u_simcycle_fifo/u_simcycle_fifo/U0/inst_fifo_gen/gconvfifo.rf/grf.rf/rstblk/SS[0]                                                           |                2 |              8 |         4.00 |
|  u_clk_wiz_0/inst/clk_out1 |                                                                                                                                                                                                        | u_mwfil_chiftop/u_dut/u_Subsystem1/Subsystem1_tc/user_rst_assert_reg_6[0]                                                                              |                3 |              8 |         2.67 |
|  u_clk_wiz_0/inst/clk_out1 |                                                                                                                                                                                                        | u_mwfil_chiftop/u_dut/u_Subsystem1/Subsystem1_tc/user_rst_assert_reg_5                                                                                 |                2 |              8 |         4.00 |
|  u_clk_wiz_0/inst/clk_out1 | u_jtag_mac/u_post_chif_fifo/user_rst_assert_reg                                                                                                                                                        | u_jtag_mac/u_post_chif_fifo/user_rst_assert_reg_0                                                                                                      |                2 |              8 |         4.00 |
|  u_clk_wiz_0/inst/clk_out1 | u_mwfil_chiftop/u_dut/u_Subsystem1/FFT_1_1/CTRL1_3_1_1/SDFController_rdAddr_reg                                                                                                                        | u_mwfil_chiftop/u_dut/u_Subsystem1/Subsystem1_tc/user_rst_assert_reg_0                                                                                 |                3 |              8 |         2.67 |
|  u_clk_wiz_0/inst/clk_out1 | u_mwfil_chiftop/u_dut/u_Subsystem1/FFT_1_1/CTRL1_3_1_1/SDFController_wrCount[7]_i_1__1_n_0                                                                                                             | u_mwfil_chiftop/u_dut/u_Subsystem1/Subsystem1_tc/user_rst_assert_reg_0                                                                                 |                2 |              8 |         4.00 |
|  u_clk_wiz_0/inst/clk_out1 | u_mwfil_chiftop/u_dut/u_Subsystem1/Subsystem1_tc/enb_1_4_0                                                                                                                                             | u_mwfil_chiftop/u_dut/u_Subsystem1/Subsystem1_tc/twdl45Reg_9                                                                                           |                2 |              8 |         4.00 |
|  u_clk_wiz_0/inst/clk_out1 |                                                                                                                                                                                                        | u_mwfil_chiftop/u_dut/u_Subsystem1/Subsystem1_tc/SDFOutmux_btfPipe_vld_8                                                                               |                3 |              9 |         3.00 |
|  u_clk_wiz_0/inst/clk_out1 | u_mwfil_chiftop/u_dut/u_Subsystem1/Subsystem1_tc/SDFOutmux_btfPipe_vld_reg[0]                                                                                                                          | u_mwfil_chiftop/u_dut/u_Subsystem1/Subsystem1_tc/twdl45Reg                                                                                             |                2 |              9 |         4.50 |
|  u_clk_wiz_0/inst/clk_out1 | u_mwfil_chiftop/u_dut/u_Subsystem1/FFT_1_1/SDF2_2_1_1/SDFCOMMUTATOR_2_1/SDFCummutator_rdCnt                                                                                                            | u_mwfil_chiftop/u_dut/u_Subsystem1/Subsystem1_tc/SDFOutmux_btfPipe_vld_0                                                                               |                3 |              9 |         3.00 |
|  u_clk_wiz_0/inst/clk_out1 | u_mwfil_chiftop/u_dut/u_Subsystem1/FFT_1_1/CTRL2_2_1_1/SDFController_wrCount[8]_i_1__0_n_0                                                                                                             | u_mwfil_chiftop/u_dut/u_Subsystem1/Subsystem1_tc/SDFController_multiply_J_reg                                                                          |                3 |              9 |         3.00 |
|  u_clk_wiz_0/inst/clk_out1 | u_mwfil_chiftop/u_dut/u_Subsystem1/FFT_1_1/CTRL2_2_1_1/SDFController_rdAddr_reg                                                                                                                        | u_mwfil_chiftop/u_dut/u_Subsystem1/Subsystem1_tc/SDFController_multiply_J_reg                                                                          |                3 |              9 |         3.00 |
|  u_clk_wiz_0/inst/clk_out1 | u_mwfil_chiftop/u_dut/u_Subsystem1/Subsystem1_tc/enb_1_4_0                                                                                                                                             | u_mwfil_chiftop/u_dut/u_Subsystem1/FFT_1_1/twdlROM_3_1_1_1/Radix22TwdlMapping_twdlAddr_raw[7]                                                          |                3 |              9 |         3.00 |
|  u_clk_wiz_0/inst/clk_out1 |                                                                                                                                                                                                        | u_mwfil_chiftop/u_dut/u_Subsystem1/Subsystem1_tc/SDFOutmux_btfPipe_vld_0                                                                               |                6 |             10 |         1.67 |
|  u_clk_wiz_0/inst/clk_out1 |                                                                                                                                                                                                        | u_mwfil_chiftop/u_dut/u_Subsystem1/Subsystem1_tc/SDFOutmux_btfPipe_vld_5                                                                               |                6 |             10 |         1.67 |
|  u_clk_wiz_0/inst/clk_out1 |                                                                                                                                                                                                        | u_mwfil_chiftop/u_dut/u_Subsystem1/Subsystem1_tc/SDFOutmux_btfPipe_vld                                                                                 |                5 |             10 |         2.00 |
|  u_clk_wiz_0/inst/clk_out1 | u_mwfil_chiftop/u_dut/u_Subsystem1/Subsystem1_tc/Select_Freq_out1_3_reg[0]                                                                                                                             | u_mwfil_chiftop/u_dut/u_Subsystem1/Subsystem_Reference_1_1/Multiply_Accumulate_counter_out[9]_i_1_n_0                                                  |                3 |             10 |         3.33 |
|  u_clk_wiz_0/inst/clk_out1 | u_jtag_mac/din_valid                                                                                                                                                                                   | u_jtag_mac/SR[0]                                                                                                                                       |                3 |             10 |         3.33 |
|  u_clk_wiz_0/inst/clk_out1 | u_mwfil_chiftop/u_dut/u_Subsystem1/FFT_1_1/CTRL1_1_1_1/SDFController_rdAddr_reg                                                                                                                        | u_mwfil_chiftop/u_dut/u_Subsystem1/Subsystem1_tc/user_rst_assert_reg[0]                                                                                |                3 |             10 |         3.33 |
|  u_clk_wiz_0/inst/clk_out1 | u_mwfil_chiftop/u_dut/u_Subsystem1/FFT_1_1/CTRL1_1_1_1/SDFController_wrCount[9]_i_1_n_0                                                                                                                | u_mwfil_chiftop/u_dut/u_Subsystem1/Subsystem1_tc/user_rst_assert_reg[0]                                                                                |                4 |             10 |         2.50 |
|  u_clk_wiz_0/inst/clk_out1 |                                                                                                                                                                                                        | u_mwfil_chiftop/u_dut/u_Subsystem1/Subsystem1_tc/SDFOutmux_btfPipe_vld_3                                                                               |                5 |             10 |         2.00 |
|  u_clk_wiz_0/inst/clk_out1 | u_mwfil_chiftop/u_dut/u_Subsystem1/Subsystem1_tc/enb_1_4_0_gated                                                                                                                                       |                                                                                                                                                        |                2 |             10 |         5.00 |
|  u_clk_wiz_0/inst/clk_out1 | u_mwfil_chiftop/u_dut/u_Subsystem1/FFT_1_1/SDF1_1_1_1/SDFCOMMUTATOR_1_1/SDFCummutator_rdCnt                                                                                                            | u_mwfil_chiftop/u_dut/u_Subsystem1/Subsystem1_tc/SDFOutmux_btfPipe_vld                                                                                 |                5 |             10 |         2.00 |
|  u_clk_wiz_0/inst/clk_out1 |                                                                                                                                                                                                        | u_mwfil_chiftop/u_dut/u_Subsystem1/Subsystem1_tc/SR[0]                                                                                                 |                5 |             10 |         2.00 |
|  u_clk_wiz_0/inst/clk_out1 |                                                                                                                                                                                                        | u_mwfil_chiftop/u_dut/u_Subsystem1/Subsystem1_tc/user_rst_assert_reg_4[0]                                                                              |                6 |             10 |         1.67 |
|  u_clk_wiz_0/inst/clk_out1 |                                                                                                                                                                                                        | u_mwfil_chiftop/u_dut/u_Subsystem1/Subsystem1_tc/SDFOutmux_btfPipe_vld_1                                                                               |                6 |             10 |         1.67 |
|  u_clk_wiz_0/inst/clk_out1 |                                                                                                                                                                                                        | u_mwfil_chiftop/u_dut/u_Subsystem1/Subsystem1_tc/SDFController_multiply_J_reg_7                                                                        |                4 |             12 |         3.00 |
|  u_clk_wiz_0/inst/clk_out1 | u_mwfil_chiftop/u_mwfil_chifcore/u_controller/LOCKEDSTEP_CTRL.dut_enable_int_reg_0                                                                                                                     | u_mwfil_chiftop/u_dut/u_Subsystem1/Subsystem_Reference_1_1/Select_Freq_1_1/count_value_1[11]_i_1_n_0                                                   |                2 |             12 |         6.00 |
|  TCK_BUFG                  | u_jtag_mac/u_simcycle_fifo/u_simcycle_fifo/U0/inst_fifo_gen/gconvfifo.rf/grf.rf/gntv_or_sync_fifo.gl0.wr/gwas.wsts/E[0]                                                                                | u_jtag_mac/u_simcycle_fifo/u_simcycle_fifo/U0/inst_fifo_gen/gconvfifo.rf/grf.rf/rstblk/ngwrdrst.grst.g7serrst.gsckt_wrst.gic_rst.sckt_wr_rst_ic_reg_0  |                2 |             12 |         6.00 |
|  u_clk_wiz_0/inst/clk_out1 | u_mwfil_chiftop/u_mwfil_chifcore/u_controller/LOCKEDSTEP_CTRL.dut_enable_int_reg_0                                                                                                                     | u_mwfil_chiftop/u_dut/u_Subsystem1/Subsystem_Reference_1_1/Select_Freq_1_1/count_5[11]_i_1_n_0                                                         |                2 |             12 |         6.00 |
|  u_clk_wiz_0/inst/clk_out1 | u_mwfil_chiftop/u_dut/u_Subsystem1/Subsystem1_tc/Multiply_Accumulate_counter_out                                                                                                                       | u_mwfil_chiftop/u_dut/u_Subsystem1/myRMS_1_1/clear                                                                                                     |                3 |             12 |         4.00 |
|  TCK_BUFG                  | u_jtag_mac/act_rd_len0                                                                                                                                                                                 | u_jtag_mac/chif_reset                                                                                                                                  |                4 |             13 |         3.25 |
|  u_clk_wiz_0/inst/clk_out1 | u_mwfil_chiftop/u_dut/u_Subsystem1/FFT_1_1/SDF1_1_1_1/SDFCOMMUTATOR_1_1/SDFOutmux_btf2Pipe_re                                                                                                          | u_mwfil_chiftop/u_dut/u_Subsystem1/Subsystem1_tc/SDFOutmux_btfPipe_vld                                                                                 |                3 |             13 |         4.33 |
|  TCK_BUFG                  | u_jtag_mac/wr_len0                                                                                                                                                                                     | u_jtag_mac/chif_reset                                                                                                                                  |                2 |             13 |         6.50 |
|  TCK_BUFG                  | u_jtag_mac/rd_len0                                                                                                                                                                                     | u_jtag_mac/chif_reset                                                                                                                                  |                2 |             13 |         6.50 |
|  u_clk_wiz_0/inst/clk_out1 | u_mwfil_chiftop/u_dut/u_Subsystem1/FFT_1_1/NaturalOrder_Stage_1/wrStateMachineBitNatural_wrState                                                                                                       | u_mwfil_chiftop/u_dut/u_Subsystem1/Subsystem1_tc/rdStateMachineBitNatural_doutImReg                                                                    |                6 |             13 |         2.17 |
|  u_clk_wiz_0/inst/clk_out1 | u_mwfil_chiftop/u_dut/u_Subsystem1/FFT_1_1/SDF1_1_1_1/SDFCOMMUTATOR_1_1/SDFCummutator_wrxEnb_reg_0                                                                                                     | u_mwfil_chiftop/u_dut/u_Subsystem1/Subsystem1_tc/SDFOutmux_btfPipe_vld                                                                                 |                2 |             14 |         7.00 |
|  u_clk_wiz_0/inst/clk_out1 | u_mwfil_chiftop/u_dut/u_Subsystem1/Subsystem_Reference_1_1/Absolute_of_Complex_1_1/CORDIC_Square_Root_HDL_Optim_1/Synchronous_Subsystem_1_1/cordicSquareRootHDL_1_1/enb_1_4_0_gated                    |                                                                                                                                                        |                3 |             14 |         4.67 |
|  u_clk_wiz_0/inst/clk_out1 | u_mwfil_chiftop/u_dut/u_Subsystem1/Subsystem_Reference_1_1/CORDIC_Square_Root_HDL_Optim_1/Synchronous_Subsystem_1/enb_1_4_0_gated                                                                      |                                                                                                                                                        |                3 |             14 |         4.67 |
|  TCK_BUFG                  |                                                                                                                                                                                                        | u_jtag_mac/act_rd_cnt[7]_i_1_n_0                                                                                                                       |                4 |             15 |         3.75 |
|  TCK_BUFG                  |                                                                                                                                                                                                        | u_jtag_mac/act_wr_cnt[15]_i_1_n_0                                                                                                                      |                4 |             15 |         3.75 |
|  TCK_BUFG                  |                                                                                                                                                                                                        | u_jtag_mac/u_post_chif_fifo/u_jtag_mac_fifo/U0/inst_fifo_gen/gconvfifo.rf/grf.rf/rstblk/ngwrdrst.grst.g7serrst.gsckt_wrst.gic_rst.sckt_rd_rst_ic_reg_0 |                4 |             15 |         3.75 |
|  TCK_BUFG                  |                                                                                                                                                                                                        | u_jtag_mac/ver_act_rd_cnt[15]_i_1_n_0                                                                                                                  |                4 |             15 |         3.75 |
|  u_clk_wiz_0/inst/clk_out1 | u_jtag_mac/simcycle_rd_en_d1                                                                                                                                                                           | u_jtag_mac/chif_reset                                                                                                                                  |                2 |             16 |         8.00 |
|  u_clk_wiz_0/inst/clk_out1 | u_mwfil_chiftop/u_dut/u_Subsystem1/Subsystem1_tc/enb_1_4_0                                                                                                                                             | u_mwfil_chiftop/u_dut/u_Subsystem1/Subsystem1_tc/rdStateMachineBitNatural_doutImReg                                                                    |                5 |             17 |         3.40 |
|  u_clk_wiz_0/inst/clk_out1 | u_mwfil_chiftop/u_dut/u_Subsystem1/FFT_1_1/SDF1_1_1_1/SDFCOMMUTATOR_1_1/dataXMEM_re_0_1_1/p_0_in                                                                                                       |                                                                                                                                                        |                3 |             18 |         6.00 |
|  u_clk_wiz_0/inst/clk_out1 | u_mwfil_chiftop/u_dut/u_Subsystem1/FFT_1_1/SDF1_1_1_1/SDFCOMMUTATOR_1_1/SDFCummutator_wrAddr_reg                                                                                                       | u_mwfil_chiftop/u_dut/u_Subsystem1/Subsystem1_tc/SDFOutmux_btfPipe_vld                                                                                 |                9 |             23 |         2.56 |
|  TCK_BUFG                  |                                                                                                                                                                                                        | u_jtag_mac/sys_rst                                                                                                                                     |               13 |             23 |         1.77 |
|  u_clk_wiz_0/inst/clk_out1 | u_jtag_mac/E[0]                                                                                                                                                                                        |                                                                                                                                                        |                6 |             24 |         4.00 |
|  u_clk_wiz_0/inst/clk_out1 | u_jtag_mac/u_pre_chif_fifo/u_jtag_mac_fifo/U0/inst_fifo_gen/gconvfifo.rf/grf.rf/gntv_or_sync_fifo.gl0.rd/gras.rsts/ram_rd_en                                                                           | u_jtag_mac/u_pre_chif_fifo/u_jtag_mac_fifo/U0/inst_fifo_gen/gconvfifo.rf/grf.rf/rstblk/ngwrdrst.grst.g7serrst.gsckt_wrst.gic_rst.sckt_rd_rst_ic_reg_0  |                3 |             24 |         8.00 |
|  TCK_BUFG                  | u_jtag_mac/u_post_chif_fifo/u_jtag_mac_fifo/U0/inst_fifo_gen/gconvfifo.rf/grf.rf/gntv_or_sync_fifo.gl0.rd/gras.rsts/ram_rd_en                                                                          | u_jtag_mac/u_post_chif_fifo/u_jtag_mac_fifo/U0/inst_fifo_gen/gconvfifo.rf/grf.rf/rstblk/ngwrdrst.grst.g7serrst.gsckt_wrst.gic_rst.sckt_rd_rst_ic_reg_0 |                4 |             24 |         6.00 |
|  u_clk_wiz_0/inst/clk_out1 | u_mwfil_chiftop/u_dut/u_Subsystem1/FFT_1_1/SDF2_2_1_1/SDFCOMMUTATOR_2_1/SDFOutmux_btf2Pipe_re                                                                                                          | u_mwfil_chiftop/u_dut/u_Subsystem1/Subsystem1_tc/SDFOutmux_btfPipe_vld_0                                                                               |                5 |             28 |         5.60 |
|  u_clk_wiz_0/inst/clk_out1 | u_mwfil_chiftop/u_dut/u_Subsystem1/FFT_1_1/SDF2_2_1_1/SDFCOMMUTATOR_2_1/SDFCummutator_wrxEnb_reg_0                                                                                                     | u_mwfil_chiftop/u_dut/u_Subsystem1/Subsystem1_tc/SDFOutmux_btfPipe_vld_0                                                                               |                9 |             29 |         3.22 |
|  u_clk_wiz_0/inst/clk_out1 | u_mwfil_chiftop/u_dut/u_Subsystem1/Subsystem_Reference_1_1/Real_Divide_HDL_Optimized_1_1/ForEach_Real_Divide_instance/Divide_real_numerator_by_den_1/normalizedCORDICDivide_1_1/E[0]                   | u_jtag_mac/user_rst_assert_reg_2                                                                                                                       |               10 |             29 |         2.90 |
|  u_clk_wiz_0/inst/clk_out1 | u_mwfil_chiftop/u_dut/u_Subsystem1/FFT_1_1/SDF1_3_1_1/SDFCOMMUTATOR_3_1/SDFOutmux_btf2Pipe_re                                                                                                          | u_mwfil_chiftop/u_dut/u_Subsystem1/Subsystem1_tc/SDFOutmux_btfPipe_vld_1                                                                               |                4 |             30 |         7.50 |
|  u_clk_wiz_0/inst/clk_out1 | u_mwfil_chiftop/u_dut/u_Subsystem1/FFT_1_1/SDF1_3_1_1/SDFCOMMUTATOR_3_1/SDFCummutator_wrxEnb_reg                                                                                                       | u_mwfil_chiftop/u_dut/u_Subsystem1/Subsystem1_tc/SDFOutmux_btfPipe_vld_1                                                                               |               10 |             31 |         3.10 |
|  u_clk_wiz_0/inst/clk_out1 | u_mwfil_chiftop/u_dut/u_Subsystem1/FFT_1_1/SDF2_4_1_1/SDFCOMMUTATOR_4_1/SDFOutmux_btf2Pipe_re                                                                                                          | u_mwfil_chiftop/u_dut/u_Subsystem1/Subsystem1_tc/SDFOutmux_btfPipe_vld_3                                                                               |                5 |             32 |         6.40 |
|  u_clk_wiz_0/inst/clk_out1 | u_mwfil_chiftop/u_mwfil_chifcore/CHIF2DUT.u_bus2dut/E[0]                                                                                                                                               |                                                                                                                                                        |                4 |             32 |         8.00 |
|  u_clk_wiz_0/inst/clk_out1 | u_mwfil_chiftop/u_dut/u_Subsystem1/FFT_1_1/SDF2_4_1_1/SDFCOMMUTATOR_4_1/SDFCummutator_wrxEnb_reg_0                                                                                                     | u_mwfil_chiftop/u_dut/u_Subsystem1/Subsystem1_tc/SDFOutmux_btfPipe_vld_3                                                                               |                6 |             33 |         5.50 |
|  u_clk_wiz_0/inst/clk_out1 | u_mwfil_chiftop/u_dut/u_Subsystem1/FFT_1_1/SDF1_5_1_1/SDFCOMMUTATOR_5_1/SDFOutmux_btf2Pipe_re                                                                                                          | u_mwfil_chiftop/u_dut/u_Subsystem1/Subsystem1_tc/SDFOutmux_btfPipe_vld_5                                                                               |                5 |             34 |         6.80 |
|  u_clk_wiz_0/inst/clk_out1 | u_mwfil_chiftop/u_dut/u_Subsystem1/FFT_1_1/SDF1_5_1_1/SDFCOMMUTATOR_5_1/SDFCummutator_wrxEnb_reg                                                                                                       | u_mwfil_chiftop/u_dut/u_Subsystem1/Subsystem1_tc/SDFOutmux_btfPipe_vld_5                                                                               |               12 |             35 |         2.92 |
|  u_clk_wiz_0/inst/clk_out1 | u_mwfil_chiftop/u_dut/u_Subsystem1/FFT_1_1/SDF2_6_1_1/SDFCOMMUTATOR_6_1/SDFOutmux_btf2Pipe_re                                                                                                          | u_mwfil_chiftop/u_dut/u_Subsystem1/Subsystem1_tc/SR[0]                                                                                                 |                5 |             36 |         7.20 |
|  u_clk_wiz_0/inst/clk_out1 | u_mwfil_chiftop/u_dut/u_Subsystem1/FFT_1_1/SDF2_2_1_1/SDFCOMMUTATOR_2_1/SDFCummutator_wrAddr_reg                                                                                                       | u_mwfil_chiftop/u_dut/u_Subsystem1/Subsystem1_tc/SDFOutmux_btfPipe_vld_0                                                                               |               13 |             37 |         2.85 |
|  u_clk_wiz_0/inst/clk_out1 | u_mwfil_chiftop/u_dut/u_Subsystem1/FFT_1_1/SDF2_6_1_1/SDFCOMMUTATOR_6_1/SDFCummutator_wrxEnb_reg_0                                                                                                     | u_mwfil_chiftop/u_dut/u_Subsystem1/Subsystem1_tc/SR[0]                                                                                                 |                5 |             37 |         7.40 |
|  u_clk_wiz_0/inst/clk_out1 | u_mwfil_chiftop/u_dut/u_Subsystem1/Subsystem1_tc/E[0]                                                                                                                                                  | u_jtag_mac/chif_reset                                                                                                                                  |               11 |             37 |         3.36 |
|  u_clk_wiz_0/inst/clk_out1 | u_mwfil_chiftop/u_dut/u_Subsystem1/FFT_1_1/SDF1_3_1_1/SDFCOMMUTATOR_3_1/SDFCummutator_wrAddr_reg                                                                                                       | u_mwfil_chiftop/u_dut/u_Subsystem1/Subsystem1_tc/SDFOutmux_btfPipe_vld_1                                                                               |               11 |             38 |         3.45 |
|  u_clk_wiz_0/inst/clk_out1 | u_mwfil_chiftop/u_dut/u_Subsystem1/FFT_1_1/SDF1_7_1_1/SDFCOMMUTATOR_7_1/SDFOutmux_btf2Pipe_re                                                                                                          | u_mwfil_chiftop/u_dut/u_Subsystem1/Subsystem1_tc/user_rst_assert_reg_4[0]                                                                              |                8 |             38 |         4.75 |
|  u_clk_wiz_0/inst/clk_out1 | u_mwfil_chiftop/u_dut/u_Subsystem1/FFT_1_1/SDF2_4_1_1/SDFCOMMUTATOR_4_1/SDFCummutator_wrAddr_reg                                                                                                       | u_mwfil_chiftop/u_dut/u_Subsystem1/Subsystem1_tc/SDFOutmux_btfPipe_vld_3                                                                               |               12 |             39 |         3.25 |
|  u_clk_wiz_0/inst/clk_out1 | u_mwfil_chiftop/u_dut/u_Subsystem1/FFT_1_1/SDF1_7_1_1/SDFCOMMUTATOR_7_1/SDFCummutator_wrxEnb_reg                                                                                                       | u_mwfil_chiftop/u_dut/u_Subsystem1/Subsystem1_tc/user_rst_assert_reg_4[0]                                                                              |               12 |             39 |         3.25 |
|  u_clk_wiz_0/inst/clk_out1 | u_mwfil_chiftop/u_dut/u_Subsystem1/Subsystem1_tc/p_0_in_11                                                                                                                                             |                                                                                                                                                        |                5 |             40 |         8.00 |
|  u_clk_wiz_0/inst/clk_out1 | u_mwfil_chiftop/u_dut/u_Subsystem1/FFT_1_1/SDF2_8_1_1/SDFCOMMUTATOR_8_1/SDFOutmux_btf2Pipe_re                                                                                                          | u_mwfil_chiftop/u_dut/u_Subsystem1/Subsystem1_tc/SDFOutmux_btfPipe_vld_8                                                                               |                6 |             40 |         6.67 |
|  u_clk_wiz_0/inst/clk_out1 | u_mwfil_chiftop/u_dut/u_Subsystem1/FFT_1_1/SDF1_5_1_1/SDFCOMMUTATOR_5_1/SDFCummutator_wrAddr_reg                                                                                                       | u_mwfil_chiftop/u_dut/u_Subsystem1/Subsystem1_tc/SDFOutmux_btfPipe_vld_5                                                                               |                9 |             40 |         4.44 |
|  u_clk_wiz_0/inst/clk_out1 | u_mwfil_chiftop/u_dut/u_Subsystem1/FFT_1_1/SDF2_6_1_1/SDFCOMMUTATOR_6_1/SDFCummutator_wrAddr_reg                                                                                                       | u_mwfil_chiftop/u_dut/u_Subsystem1/Subsystem1_tc/SR[0]                                                                                                 |                7 |             41 |         5.86 |
|  u_clk_wiz_0/inst/clk_out1 | u_mwfil_chiftop/u_dut/u_Subsystem1/FFT_1_1/SDF1_9_1_1/SDFCOMMUTATOR_9_1/SDFOutmux_btf2Pipe_re                                                                                                          | u_mwfil_chiftop/u_dut/u_Subsystem1/Subsystem1_tc/user_rst_assert_reg_6[0]                                                                              |                8 |             42 |         5.25 |
|  u_clk_wiz_0/inst/clk_out1 | u_mwfil_chiftop/u_dut/u_Subsystem1/Subsystem_Reference_1_1/Real_Divide_HDL_Optimized_1_1/ForEach_Real_Divide_instance/Divide_real_numerator_by_den_1/normalizedCORDICDivide_1_1/E[0]                   |                                                                                                                                                        |                6 |             42 |         7.00 |
|  u_clk_wiz_0/inst/clk_out1 | u_mwfil_chiftop/u_dut/u_Subsystem1/FFT_1_1/SDF1_7_1_1/SDFCOMMUTATOR_7_1/SDFCummutator_wrAddr_reg                                                                                                       | u_mwfil_chiftop/u_dut/u_Subsystem1/Subsystem1_tc/user_rst_assert_reg_4[0]                                                                              |                9 |             42 |         4.67 |
|  u_clk_wiz_0/inst/clk_out1 | u_mwfil_chiftop/u_dut/u_Subsystem1/FFT_1_1/SDF2_10_1_1/SDFCOMMUTATOR_10_1/SDFCummutator_wrAddr_reg_reg_0[0]                                                                                            | u_mwfil_chiftop/u_dut/u_Subsystem1/Subsystem1_tc/SDFOutmux_btf2Pipe_im                                                                                 |                7 |             42 |         6.00 |
|  u_clk_wiz_0/inst/clk_out1 | u_mwfil_chiftop/u_dut/u_Subsystem1/FFT_1_1/SDF2_8_1_1/SDFCOMMUTATOR_8_1/SDFCummutator_xX_vld_reg                                                                                                       | u_mwfil_chiftop/u_dut/u_Subsystem1/Subsystem1_tc/SDFOutmux_btfPipe_vld_8                                                                               |                7 |             42 |         6.00 |
|  u_clk_wiz_0/inst/clk_out1 | u_mwfil_chiftop/u_dut/u_Subsystem1/FFT_1_1/SDF2_10_1_1/SDFCOMMUTATOR_10_1/E[0]                                                                                                                         | u_mwfil_chiftop/u_dut/u_Subsystem1/Subsystem1_tc/SDFOutmux_btf2Pipe_im                                                                                 |               12 |             42 |         3.50 |
|  u_clk_wiz_0/inst/clk_out1 | u_mwfil_chiftop/u_dut/u_Subsystem1/FFT_1_1/SDF1_9_1_1/SDFCOMMUTATOR_9_1/SDFCummutator_xX_vld_reg                                                                                                       | u_mwfil_chiftop/u_dut/u_Subsystem1/Subsystem1_tc/user_rst_assert_reg_6[0]                                                                              |                8 |             44 |         5.50 |
|  u_clk_wiz_0/inst/clk_out1 | u_mwfil_chiftop/u_dut/u_Subsystem1/FFT_1_1/SDF2_10_1_1/SDFCOMMUTATOR_10_1/SDFOutmux_btf2Pipe_re                                                                                                        | u_mwfil_chiftop/u_dut/u_Subsystem1/Subsystem1_tc/SDFOutmux_btf2Pipe_im                                                                                 |                7 |             44 |         6.29 |
|  u_clk_wiz_0/inst/clk_out1 | u_mwfil_chiftop/u_dut/u_Subsystem1/Subsystem1_tc/SDFCummutator_wrEnb_reg_reg[0]                                                                                                                        | u_mwfil_chiftop/u_dut/u_Subsystem1/Subsystem1_tc/user_rst_assert_reg_7[0]                                                                              |               16 |             46 |         2.88 |
|  u_clk_wiz_0/inst/clk_out1 | u_mwfil_chiftop/u_dut/u_Subsystem1/FFT_1_1/SDF2_10_1_1/SDFCOMMUTATOR_10_1/SDFCummutator_xX_vld_reg                                                                                                     | u_mwfil_chiftop/u_dut/u_Subsystem1/Subsystem1_tc/SDFOutmux_btf2Pipe_im                                                                                 |                7 |             46 |         6.57 |
|  u_clk_wiz_0/inst/clk_out1 | u_mwfil_chiftop/u_dut/u_Subsystem1/FFT_1_1/RADIX2_1/SDFCOMMUTATOR_11_1/SDFCummutator_wrXData_re_reg_0                                                                                                  | u_mwfil_chiftop/u_dut/u_Subsystem1/Subsystem1_tc/user_rst_assert_reg_7[0]                                                                              |                8 |             46 |         5.75 |
|  u_clk_wiz_0/inst/clk_out1 | u_mwfil_chiftop/u_dut/u_Subsystem1/FFT_1_1/RADIX2_1/SDFCOMMUTATOR_11_1/SDFOutmux_btf2Pipe_re                                                                                                           | u_mwfil_chiftop/u_dut/u_Subsystem1/Subsystem1_tc/user_rst_assert_reg_7[0]                                                                              |                8 |             46 |         5.75 |
|  u_clk_wiz_0/inst/clk_out1 | u_mwfil_chiftop/u_dut/u_Subsystem1/FFT_1_1/RADIX2_1/SDFCOMMUTATOR_11_1/dataXMEM_im_0_11_1/p_0_in                                                                                                       |                                                                                                                                                        |               12 |             46 |         3.83 |
|  u_clk_wiz_0/inst/clk_out1 | u_mwfil_chiftop/u_dut/u_Subsystem1/FFT_1_1/SDF1_3_1_1/SDFCOMMUTATOR_3_1/dataXMEM_im_0_3_1/p_0_in                                                                                                       |                                                                                                                                                        |                6 |             48 |         8.00 |
|  u_clk_wiz_0/inst/clk_out1 | u_mwfil_chiftop/u_dut/u_Subsystem1/FFT_1_1/SDF2_4_1_1/SDFCOMMUTATOR_4_1/dataXMEM_im_0_4_1/p_0_in                                                                                                       |                                                                                                                                                        |                6 |             48 |         8.00 |
|  TCK_BUFG                  | u_jtag_mac/u_pre_chif_fifo/u_jtag_mac_fifo/U0/inst_fifo_gen/gconvfifo.rf/grf.rf/gntv_or_sync_fifo.gl0.wr/gwas.wsts/E[0]                                                                                | u_jtag_mac/u_pre_chif_fifo/u_jtag_mac_fifo/U0/inst_fifo_gen/gconvfifo.rf/grf.rf/rstblk/ngwrdrst.grst.g7serrst.gsckt_wrst.gic_rst.sckt_wr_rst_ic_reg_0  |                8 |             48 |         6.00 |
|  u_clk_wiz_0/inst/clk_out1 | u_mwfil_chiftop/u_dut/u_Subsystem1/FFT_1_1/SDF2_6_1_1/SDFCOMMUTATOR_6_1/p_0_in                                                                                                                         |                                                                                                                                                        |                6 |             48 |         8.00 |
|  u_clk_wiz_0/inst/clk_out1 | u_mwfil_chiftop/u_dut/u_Subsystem1/Subsystem1_tc/p_0_in                                                                                                                                                |                                                                                                                                                        |                6 |             48 |         8.00 |
|  u_clk_wiz_0/inst/clk_out1 | u_mwfil_chiftop/u_dut/u_Subsystem1/FFT_1_1/SDF2_6_1_1/SDFCOMMUTATOR_6_1/dataXMEM_im_0_6_1/p_0_in                                                                                                       |                                                                                                                                                        |                6 |             48 |         8.00 |
|  u_clk_wiz_0/inst/clk_out1 | u_mwfil_chiftop/u_dut/u_Subsystem1/BUF_MIN_MAX_AVG_1_1/MATLAB_Function1_1_1/E[0]                                                                                                                       | u_jtag_mac/chif_reset                                                                                                                                  |               12 |             48 |         4.00 |
|  u_clk_wiz_0/inst/clk_out1 | u_jtag_mac/u_post_chif_fifo/u_jtag_mac_fifo/U0/inst_fifo_gen/gconvfifo.rf/grf.rf/gntv_or_sync_fifo.gl0.wr/gwas.wsts/E[0]                                                                               | u_jtag_mac/u_post_chif_fifo/u_jtag_mac_fifo/U0/inst_fifo_gen/gconvfifo.rf/grf.rf/rstblk/ngwrdrst.grst.g7serrst.gsckt_wrst.gic_rst.sckt_wr_rst_ic_reg_0 |               12 |             48 |         4.00 |
|  u_clk_wiz_0/inst/clk_out1 | u_mwfil_chiftop/u_dut/u_Subsystem1/Subsystem1_tc/p_0_in__0_14                                                                                                                                          |                                                                                                                                                        |                7 |             56 |         8.00 |
|  u_clk_wiz_0/inst/clk_out1 | u_mwfil_chiftop/u_dut/u_Subsystem1/Subsystem1_tc/p_0_in_13                                                                                                                                             |                                                                                                                                                        |                7 |             56 |         8.00 |
|  u_clk_wiz_0/inst/clk_out1 | u_mwfil_chiftop/u_dut/u_Subsystem1/Subsystem1_tc/p_0_in_12                                                                                                                                             |                                                                                                                                                        |                7 |             56 |         8.00 |
|  u_clk_wiz_0/inst/clk_out1 | u_mwfil_chiftop/u_dut/u_Subsystem1/Subsystem1_tc/p_0_in__0                                                                                                                                             |                                                                                                                                                        |                7 |             56 |         8.00 |
|  u_clk_wiz_0/inst/clk_out1 | u_mwfil_chiftop/u_mwfil_chifcore/u_controller/LOCKEDSTEP_CTRL.dut_enable_int_reg_0                                                                                                                     |                                                                                                                                                        |                6 |             60 |        10.00 |
|  u_clk_wiz_0/inst/clk_out1 | u_mwfil_chiftop/u_dut/u_Subsystem1/Subsystem1_tc/p_0_in__0_16                                                                                                                                          |                                                                                                                                                        |                8 |             64 |         8.00 |
|  u_clk_wiz_0/inst/clk_out1 | u_mwfil_chiftop/u_dut/u_Subsystem1/Subsystem1_tc/p_0_in_17                                                                                                                                             |                                                                                                                                                        |                8 |             64 |         8.00 |
|  u_clk_wiz_0/inst/clk_out1 | u_mwfil_chiftop/u_dut/u_Subsystem1/Subsystem1_tc/p_0_in_15                                                                                                                                             |                                                                                                                                                        |                8 |             64 |         8.00 |
|  u_clk_wiz_0/inst/clk_out1 | u_mwfil_chiftop/u_mwfil_chifcore/DUT2CHIF.u_dut2bus/shiftreg[87]_i_1_n_0                                                                                                                               |                                                                                                                                                        |               26 |             88 |         3.38 |
|  TCK_BUFG                  |                                                                                                                                                                                                        | u_jtag_mac/chif_reset                                                                                                                                  |               28 |             96 |         3.43 |
|  u_clk_wiz_0/inst/clk_out1 | u_mwfil_chiftop/u_dut/u_Subsystem1/Subsystem1_tc/enb_1_4_0                                                                                                                                             | u_mwfil_chiftop/u_dut/u_Subsystem1/Subsystem1_tc/SDFOutmux_btfPipe_vld                                                                                 |               23 |            101 |         4.39 |
|  u_clk_wiz_0/inst/clk_out1 | u_mwfil_chiftop/u_dut/u_Subsystem1/Subsystem1_tc/phase_0_reg_6[0]                                                                                                                                      |                                                                                                                                                        |                9 |            115 |        12.78 |
|  u_clk_wiz_0/inst/clk_out1 | u_mwfil_chiftop/u_dut/u_Subsystem1/Subsystem1_tc/enb_1_4_0                                                                                                                                             | u_mwfil_chiftop/u_dut/u_Subsystem1/Subsystem1_tc/SDFOutmux_btfPipe_vld_0                                                                               |               30 |            139 |         4.63 |
|  u_clk_wiz_0/inst/clk_out1 |                                                                                                                                                                                                        | u_jtag_mac/chif_reset                                                                                                                                  |               41 |            144 |         3.51 |
|  u_clk_wiz_0/inst/clk_out1 | u_mwfil_chiftop/u_dut/u_Subsystem1/Subsystem1_tc/phase_0_reg_6[0]                                                                                                                                      | u_jtag_mac/chif_reset                                                                                                                                  |               32 |            153 |         4.78 |
|  u_clk_wiz_0/inst/clk_out1 | u_mwfil_chiftop/u_dut/u_Subsystem1/Subsystem1_tc/enb_1_4_0                                                                                                                                             | u_mwfil_chiftop/u_dut/u_Subsystem1/Subsystem1_tc/SDFOutmux_btfPipe_vld_3                                                                               |               31 |            172 |         5.55 |
|  TCK_BUFG                  |                                                                                                                                                                                                        |                                                                                                                                                        |               47 |            185 |         3.94 |
|  u_clk_wiz_0/inst/clk_out1 | u_mwfil_chiftop/u_dut/u_Subsystem1/Subsystem1_tc/enb_1_4_0                                                                                                                                             | u_mwfil_chiftop/u_dut/u_Subsystem1/Subsystem1_tc/SDFOutmux_btfPipe_vld_8                                                                               |               32 |            207 |         6.47 |
|  u_clk_wiz_0/inst/clk_out1 | u_mwfil_chiftop/u_dut/u_Subsystem1/Subsystem1_tc/enb_1_4_0                                                                                                                                             | u_mwfil_chiftop/u_dut/u_Subsystem1/Subsystem1_tc/SR[0]                                                                                                 |               43 |            228 |         5.30 |
|  u_clk_wiz_0/inst/clk_out1 | u_mwfil_chiftop/u_mwfil_chifcore/u_controller/enb_1_4_1                                                                                                                                                | u_jtag_mac/chif_reset                                                                                                                                  |               88 |            255 |         2.90 |
|  u_clk_wiz_0/inst/clk_out1 |                                                                                                                                                                                                        |                                                                                                                                                        |               94 |            277 |         2.95 |
|  u_clk_wiz_0/inst/clk_out1 | u_mwfil_chiftop/u_dut/u_Subsystem1/Subsystem1_tc/enb_1_4_0                                                                                                                                             | u_mwfil_chiftop/u_dut/u_Subsystem1/Subsystem1_tc/SDFOutmux_btfPipe_vld_1                                                                               |               71 |            380 |         5.35 |
|  u_clk_wiz_0/inst/clk_out1 | u_mwfil_chiftop/u_dut/u_Subsystem1/Subsystem1_tc/enb_1_4_0                                                                                                                                             | u_mwfil_chiftop/u_dut/u_Subsystem1/Subsystem1_tc/SDFOutmux_btf2Pipe_im                                                                                 |               72 |            395 |         5.49 |
|  u_clk_wiz_0/inst/clk_out1 | u_mwfil_chiftop/u_dut/u_Subsystem1/Subsystem1_tc/enb_1_4_0                                                                                                                                             | u_mwfil_chiftop/u_dut/u_Subsystem1/Subsystem1_tc/SDFOutmux_btfPipe_vld_5                                                                               |               93 |            420 |         4.52 |
|  u_clk_wiz_0/inst/clk_out1 | u_mwfil_chiftop/u_dut/u_Subsystem1/Subsystem1_tc/enb_1_4_0                                                                                                                                             | u_mwfil_chiftop/u_dut/u_Subsystem1/Subsystem1_tc/user_rst_assert_reg_6[0]                                                                              |               87 |            495 |         5.69 |
|  u_clk_wiz_0/inst/clk_out1 | u_mwfil_chiftop/u_dut/u_Subsystem1/Subsystem1_tc/enb_1_4_0                                                                                                                                             | u_mwfil_chiftop/u_dut/u_Subsystem1/Subsystem1_tc/user_rst_assert_reg_4[0]                                                                              |              101 |            498 |         4.93 |
|  u_clk_wiz_0/inst/clk_out1 | u_mwfil_chiftop/u_mwfil_chifcore/u_controller/LOCKEDSTEP_CTRL.dut_enable_int_reg_0                                                                                                                     | u_jtag_mac/chif_reset                                                                                                                                  |              137 |            555 |         4.05 |
|  u_clk_wiz_0/inst/clk_out1 | u_mwfil_chiftop/u_dut/u_Subsystem1/Subsystem1_tc/enb_1_4_0                                                                                                                                             | u_mwfil_chiftop/u_dut/u_Subsystem1/Subsystem1_tc/user_rst_assert_reg_7[0]                                                                              |              108 |            584 |         5.41 |
|  u_clk_wiz_0/inst/clk_out1 | u_mwfil_chiftop/u_dut/u_Subsystem1/Subsystem1_tc/enb_1_4_0                                                                                                                                             | u_mwfil_chiftop/u_dut/u_Subsystem1/Subsystem1_tc/user_rst_assert_reg_8[0]                                                                              |              126 |            596 |         4.73 |
|  u_clk_wiz_0/inst/clk_out1 | u_mwfil_chiftop/u_dut/u_Subsystem1/Subsystem1_tc/enb_1_4_0_gated                                                                                                                                       | u_jtag_mac/chif_reset                                                                                                                                  |              151 |            609 |         4.03 |
|  u_clk_wiz_0/inst/clk_out1 | u_mwfil_chiftop/u_dut/u_Subsystem1/Subsystem1_tc/enb_1_4_0                                                                                                                                             |                                                                                                                                                        |              120 |            614 |         5.12 |
|  u_clk_wiz_0/inst/clk_out1 | u_mwfil_chiftop/u_dut/u_Subsystem1/Subsystem_Reference_1_1/Real_Divide_HDL_Optimized_1_1/ForEach_Real_Divide_instance/Divide_real_numerator_by_den_1/normalizedCORDICDivide_1_1/E[0]                   | u_jtag_mac/chif_reset                                                                                                                                  |              211 |            885 |         4.19 |
|  u_clk_wiz_0/inst/clk_out1 | u_mwfil_chiftop/u_dut/u_Subsystem1/Subsystem_Reference_1_1/CORDIC_Square_Root_HDL_Optim_1/Synchronous_Subsystem_1/enb_1_4_0_gated                                                                      | u_jtag_mac/chif_reset                                                                                                                                  |              295 |           1195 |         4.05 |
|  u_clk_wiz_0/inst/clk_out1 | u_mwfil_chiftop/u_dut/u_Subsystem1/Subsystem_Reference_1_1/Absolute_of_Complex_1_1/CORDIC_Square_Root_HDL_Optim_1/Synchronous_Subsystem_1_1/cordicSquareRootHDL_1_1/enb_1_4_0_gated                    | u_jtag_mac/chif_reset                                                                                                                                  |              348 |           1397 |         4.01 |
|  u_clk_wiz_0/inst/clk_out1 | u_mwfil_chiftop/u_dut/u_Subsystem1/Subsystem1_tc/enb_1_4_0                                                                                                                                             | u_jtag_mac/chif_reset                                                                                                                                  |              523 |           2571 |         4.92 |
+----------------------------+--------------------------------------------------------------------------------------------------------------------------------------------------------------------------------------------------------+--------------------------------------------------------------------------------------------------------------------------------------------------------+------------------+----------------+--------------+


