Copyright 1986-2022 Xilinx, Inc. All Rights Reserved. Copyright 2022-2024 Advanced Micro Devices, Inc. All Rights Reserved.
--------------------------------------------------------------------------------------------------------------------------------------------------------------------------------
| Tool Version : Vivado v.2024.1 (win64) Build 5076996 Wed May 22 18:37:14 MDT 2024
| Date         : Thu Dec 19 13:25:57 2024
| Host         : DESKTOP-6L1QCGQ running 64-bit major release  (build 9200)
| Command      : report_methodology -file Subsystem1_fil_methodology_drc_routed.rpt -pb Subsystem1_fil_methodology_drc_routed.pb -rpx Subsystem1_fil_methodology_drc_routed.rpx
| Design       : Subsystem1_fil
| Device       : xc7z010clg400-1
| Speed File   : -1
| Design State : Fully Routed
--------------------------------------------------------------------------------------------------------------------------------------------------------------------------------

Report Methodology

Table of Contents
-----------------
1. REPORT SUMMARY
2. REPORT DETAILS

1. REPORT SUMMARY
-----------------
            Netlist: netlist
          Floorplan: design_1
      Design limits: <entire design considered>
             Max violations: <unlimited>
             Violations found: 10
+-----------+----------+--------------------------------------------------------+------------+
| Rule      | Severity | Description                                            | Violations |
+-----------+----------+--------------------------------------------------------+------------+
| TIMING-9  | Warning  | Unknown CDC Logic                                      | 1          |
| TIMING-24 | Warning  | Overridden Max delay datapath only                     | 6          |
| TIMING-28 | Warning  | Auto-derived clock referenced by a timing constraint   | 1          |
| XDCC-1    | Warning  | Scoped Clock constraint overwritten with the same name | 1          |
| XDCC-7    | Warning  | Scoped Clock constraint overwritten on the same source | 1          |
+-----------+----------+--------------------------------------------------------+------------+

2. REPORT DETAILS
-----------------
TIMING-9#1 Warning
Unknown CDC Logic  
One or more asynchronous Clock Domain Crossing has been detected between 2 clock domains through a set_false_path or a set_clock_groups or set_max_delay -datapath_only constraint but no double-registers logic synchronizer has been found on the side of the capture clock. It is recommended to run report_cdc for a complete and detailed CDC coverage. Please consider using XPM_CDC to avoid Critical severities
Related violations: <none>

TIMING-24#1 Warning
Overridden Max delay datapath only  
An asynchronous set_clock_groups or a set_false path (see constraint position 5 in the Timing Constraints window in Vivado IDE) between clocks TCK and clk_out1_clk_wiz_0 overrides a set_max_delay -datapath_only (position 12). It is not recommended to override a set_max_delay -datapath_only constraint. Replace the set_clock_groups or set_false_path between clocks with point-to-point set_false_path constraints
Related violations: <none>

TIMING-24#2 Warning
Overridden Max delay datapath only  
An asynchronous set_clock_groups or a set_false path (see constraint position 5 in the Timing Constraints window in Vivado IDE) between clocks TCK and clk_out1_clk_wiz_0 overrides a set_max_delay -datapath_only (position 16). It is not recommended to override a set_max_delay -datapath_only constraint. Replace the set_clock_groups or set_false_path between clocks with point-to-point set_false_path constraints
Related violations: <none>

TIMING-24#3 Warning
Overridden Max delay datapath only  
An asynchronous set_clock_groups or a set_false path (see constraint position 5 in the Timing Constraints window in Vivado IDE) between clocks TCK and clk_out1_clk_wiz_0 overrides a set_max_delay -datapath_only (position 6). It is not recommended to override a set_max_delay -datapath_only constraint. Replace the set_clock_groups or set_false_path between clocks with point-to-point set_false_path constraints
Related violations: <none>

TIMING-24#4 Warning
Overridden Max delay datapath only  
An asynchronous set_clock_groups or a set_false path (see constraint position 5 in the Timing Constraints window in Vivado IDE) between clocks clk_out1_clk_wiz_0 and TCK overrides a set_max_delay -datapath_only (position 10). It is not recommended to override a set_max_delay -datapath_only constraint. Replace the set_clock_groups or set_false_path between clocks with point-to-point set_false_path constraints
Related violations: <none>

TIMING-24#5 Warning
Overridden Max delay datapath only  
An asynchronous set_clock_groups or a set_false path (see constraint position 5 in the Timing Constraints window in Vivado IDE) between clocks clk_out1_clk_wiz_0 and TCK overrides a set_max_delay -datapath_only (position 14). It is not recommended to override a set_max_delay -datapath_only constraint. Replace the set_clock_groups or set_false_path between clocks with point-to-point set_false_path constraints
Related violations: <none>

TIMING-24#6 Warning
Overridden Max delay datapath only  
An asynchronous set_clock_groups or a set_false path (see constraint position 5 in the Timing Constraints window in Vivado IDE) between clocks clk_out1_clk_wiz_0 and TCK overrides a set_max_delay -datapath_only (position 8). It is not recommended to override a set_max_delay -datapath_only constraint. Replace the set_clock_groups or set_false_path between clocks with point-to-point set_false_path constraints
Related violations: <none>

TIMING-28#1 Warning
Auto-derived clock referenced by a timing constraint  
The auto-derived clock clk_out1_clk_wiz_0 is referenced by name inside timing constraint (see constraint position 5 in the Timing Constraint window in Vivado IDE). It is recommended to reference an auto-derived clock by the pin name attached to the clock: get_clocks -of_objects [get_pins u_clk_wiz_0/inst/mmcm_adv_inst/CLKOUT0]
Related violations: <none>

XDCC-1#1 Warning
Scoped Clock constraint overwritten with the same name  
A new clock constraint create_clock overrides a previous scoped clock constraint with the same name. It is not recommended to override a scoped (typically an IP) clock constraint and could result in unexpected behaviors.
New: create_clock -period 8.000 -name sysclk -waveform {0.000 4.000} [get_ports sysclk] (Source: D:/AGH_Files/Eng_Proj/Matlab_float_model/fixed_model/hdl_prj/fil_prj/filsrc/Subsystem1_fil.xdc (Line: 1))
Previous: create_clock -period 8.000 [get_ports sysclk] (Source: d:/AGH_Files/Eng_Proj/Matlab_float_model/fixed_model/hdl_prj/fil_prj/fpgaproj/Subsystem1_fil.gen/sources_1/ip/clk_wiz_0/clk_wiz_0.xdc (Line: 53))
Related violations: <none>

XDCC-7#1 Warning
Scoped Clock constraint overwritten on the same source  
A new clock constraint create_clock overrides a previous scoped clock constraint defined on the same source. It is not recommended to override a scoped (typically an IP) clock constraint and could result in unexpected behaviors.
New: create_clock -period 8.000 -name sysclk -waveform {0.000 4.000} [get_ports sysclk] (Source: D:/AGH_Files/Eng_Proj/Matlab_float_model/fixed_model/hdl_prj/fil_prj/filsrc/Subsystem1_fil.xdc (Line: 1))
Previous: create_clock -period 8.000 [get_ports sysclk] (Source: d:/AGH_Files/Eng_Proj/Matlab_float_model/fixed_model/hdl_prj/fil_prj/fpgaproj/Subsystem1_fil.gen/sources_1/ip/clk_wiz_0/clk_wiz_0.xdc (Line: 53))
Related violations: <none>


