### File Name: hdl_prj\fil_prj\Subsystem1_fil.log
### Created: 19-Dec-2024 13:22:28
### Generated by MATLAB 24.1 

### FPGA-in-the-Loop Summary
###    Board: Zybo Zynq-7000 development board
###    DUT frequency: 25.0000MHz

### Generating Vivado project and running HDL compilation ...
###    Project:
###       D:\AGH_Files\Eng_Proj\Matlab_float_model\fixed_model\hdl_prj\fil_prj\fpgaproj\Subsystem1_fil.xpr
###    Target Device:
###       Zynq xc7z010-1clg400
###    Property Settings:
###    User design files:
###       D:\AGH_Files\Eng_Proj\Matlab_float_model\fixed_model\hdl_prj\hdlsrc\hdl_model_fixed\Subsystem1_tc.v
###       D:\AGH_Files\Eng_Proj\Matlab_float_model\fixed_model\hdl_prj\hdlsrc\hdl_model_fixed\Detect_Decrease1.v
###       D:\AGH_Files\Eng_Proj\Matlab_float_model\fixed_model\hdl_prj\hdlsrc\hdl_model_fixed\Detect_Increase.v
###       D:\AGH_Files\Eng_Proj\Matlab_float_model\fixed_model\hdl_prj\hdlsrc\hdl_model_fixed\Sample_and_Hold1.v
###       D:\AGH_Files\Eng_Proj\Matlab_float_model\fixed_model\hdl_prj\hdlsrc\hdl_model_fixed\MATLAB_Function.v
###       D:\AGH_Files\Eng_Proj\Matlab_float_model\fixed_model\hdl_prj\hdlsrc\hdl_model_fixed\MATLAB_Function1.v
###       D:\AGH_Files\Eng_Proj\Matlab_float_model\fixed_model\hdl_prj\hdlsrc\hdl_model_fixed\S_R_Flip_Flop.v
###       D:\AGH_Files\Eng_Proj\Matlab_float_model\fixed_model\hdl_prj\hdlsrc\hdl_model_fixed\BUF_MIN_MAX_AVG.v
###       D:\AGH_Files\Eng_Proj\Matlab_float_model\fixed_model\hdl_prj\hdlsrc\hdl_model_fixed\cordicSquareRootHDL.v
###       D:\AGH_Files\Eng_Proj\Matlab_float_model\fixed_model\hdl_prj\hdlsrc\hdl_model_fixed\Synchronous_Subsystem.v
###       D:\AGH_Files\Eng_Proj\Matlab_float_model\fixed_model\hdl_prj\hdlsrc\hdl_model_fixed\Cast_to_Union_of_Types.v
###       D:\AGH_Files\Eng_Proj\Matlab_float_model\fixed_model\hdl_prj\hdlsrc\hdl_model_fixed\Bit_Shift_Arithmetic.v
###       D:\AGH_Files\Eng_Proj\Matlab_float_model\fixed_model\hdl_prj\hdlsrc\hdl_model_fixed\SimpleDualPortRAM_generic.v
###       D:\AGH_Files\Eng_Proj\Matlab_float_model\fixed_model\hdl_prj\hdlsrc\hdl_model_fixed\CORDIC_Square_Root_HDL_Optim.v
###       D:\AGH_Files\Eng_Proj\Matlab_float_model\fixed_model\hdl_prj\hdlsrc\hdl_model_fixed\Absolute_of_Complex.v
###       D:\AGH_Files\Eng_Proj\Matlab_float_model\fixed_model\hdl_prj\hdlsrc\hdl_model_fixed\cordicSquareRootHDL_block.v
###       D:\AGH_Files\Eng_Proj\Matlab_float_model\fixed_model\hdl_prj\hdlsrc\hdl_model_fixed\Synchronous_Subsystem_block.v
###       D:\AGH_Files\Eng_Proj\Matlab_float_model\fixed_model\hdl_prj\hdlsrc\hdl_model_fixed\Cast_to_Union_of_Types_block.v
###       D:\AGH_Files\Eng_Proj\Matlab_float_model\fixed_model\hdl_prj\hdlsrc\hdl_model_fixed\Bit_Shift_Arithmetic_block.v
###       D:\AGH_Files\Eng_Proj\Matlab_float_model\fixed_model\hdl_prj\hdlsrc\hdl_model_fixed\CORDIC_Square_Root_HDL_Optim_block.v
###       D:\AGH_Files\Eng_Proj\Matlab_float_model\fixed_model\hdl_prj\hdlsrc\hdl_model_fixed\Variable_Right_Shift.v
###       D:\AGH_Files\Eng_Proj\Matlab_float_model\fixed_model\hdl_prj\hdlsrc\hdl_model_fixed\Variable_Left_Shift.v
###       D:\AGH_Files\Eng_Proj\Matlab_float_model\fixed_model\hdl_prj\hdlsrc\hdl_model_fixed\Cast_to_Union_of_Types_block1.v
###       D:\AGH_Files\Eng_Proj\Matlab_float_model\fixed_model\hdl_prj\hdlsrc\hdl_model_fixed\Shift_and_cast_to_output_typ.v
###       D:\AGH_Files\Eng_Proj\Matlab_float_model\fixed_model\hdl_prj\hdlsrc\hdl_model_fixed\positiveRealNormalizer.v
###       D:\AGH_Files\Eng_Proj\Matlab_float_model\fixed_model\hdl_prj\hdlsrc\hdl_model_fixed\Normalize_numerator.v
###       D:\AGH_Files\Eng_Proj\Matlab_float_model\fixed_model\hdl_prj\hdlsrc\hdl_model_fixed\positiveRealNormalizer_block.v
###       D:\AGH_Files\Eng_Proj\Matlab_float_model\fixed_model\hdl_prj\hdlsrc\hdl_model_fixed\Normalize_denominator.v
###       D:\AGH_Files\Eng_Proj\Matlab_float_model\fixed_model\hdl_prj\hdlsrc\hdl_model_fixed\normalizedCORDICDivide.v
###       D:\AGH_Files\Eng_Proj\Matlab_float_model\fixed_model\hdl_prj\hdlsrc\hdl_model_fixed\Divide_real_numerator_by_den.v
###       D:\AGH_Files\Eng_Proj\Matlab_float_model\fixed_model\hdl_prj\hdlsrc\hdl_model_fixed\Compare_To_Zero.v
###       D:\AGH_Files\Eng_Proj\Matlab_float_model\fixed_model\hdl_prj\hdlsrc\hdl_model_fixed\Divide_by_zero_handler.v
###       D:\AGH_Files\Eng_Proj\Matlab_float_model\fixed_model\hdl_prj\hdlsrc\hdl_model_fixed\Upcast_Wordlength.v
###       D:\AGH_Files\Eng_Proj\Matlab_float_model\fixed_model\hdl_prj\hdlsrc\hdl_model_fixed\MATLAB_Function_block.v
###       D:\AGH_Files\Eng_Proj\Matlab_float_model\fixed_model\hdl_prj\hdlsrc\hdl_model_fixed\ForEach_Real_Divide.v
###       D:\AGH_Files\Eng_Proj\Matlab_float_model\fixed_model\hdl_prj\hdlsrc\hdl_model_fixed\Verify_divide_sizes.v
###       D:\AGH_Files\Eng_Proj\Matlab_float_model\fixed_model\hdl_prj\hdlsrc\hdl_model_fixed\y_u_1.v
###       D:\AGH_Files\Eng_Proj\Matlab_float_model\fixed_model\hdl_prj\hdlsrc\hdl_model_fixed\Reshape_to_original_size.v
###       D:\AGH_Files\Eng_Proj\Matlab_float_model\fixed_model\hdl_prj\hdlsrc\hdl_model_fixed\Real_Divide_HDL_Optimized.v
###       D:\AGH_Files\Eng_Proj\Matlab_float_model\fixed_model\hdl_prj\hdlsrc\hdl_model_fixed\Sample_and_Hold.v
###       D:\AGH_Files\Eng_Proj\Matlab_float_model\fixed_model\hdl_prj\hdlsrc\hdl_model_fixed\Sample_and_Hold1_block.v
###       D:\AGH_Files\Eng_Proj\Matlab_float_model\fixed_model\hdl_prj\hdlsrc\hdl_model_fixed\Sample_and_Hold2.v
###       D:\AGH_Files\Eng_Proj\Matlab_float_model\fixed_model\hdl_prj\hdlsrc\hdl_model_fixed\Select_Freq.v
###       D:\AGH_Files\Eng_Proj\Matlab_float_model\fixed_model\hdl_prj\hdlsrc\hdl_model_fixed\S_R_Flip_Flop_block.v
###       D:\AGH_Files\Eng_Proj\Matlab_float_model\fixed_model\hdl_prj\hdlsrc\hdl_model_fixed\Subsystem_Reference.v
###       D:\AGH_Files\Eng_Proj\Matlab_float_model\fixed_model\hdl_prj\hdlsrc\hdl_model_fixed\cordicSquareRootHDL_block1.v
###       D:\AGH_Files\Eng_Proj\Matlab_float_model\fixed_model\hdl_prj\hdlsrc\hdl_model_fixed\Synchronous_Subsystem_block1.v
###       D:\AGH_Files\Eng_Proj\Matlab_float_model\fixed_model\hdl_prj\hdlsrc\hdl_model_fixed\Cast_to_Union_of_Types_block2.v
###       D:\AGH_Files\Eng_Proj\Matlab_float_model\fixed_model\hdl_prj\hdlsrc\hdl_model_fixed\Bit_Shift_Arithmetic_block1.v
###       D:\AGH_Files\Eng_Proj\Matlab_float_model\fixed_model\hdl_prj\hdlsrc\hdl_model_fixed\CORDIC_Square_Root_HDL_Optim_block1.v
###       D:\AGH_Files\Eng_Proj\Matlab_float_model\fixed_model\hdl_prj\hdlsrc\hdl_model_fixed\Sample_and_Hold_block.v
###       D:\AGH_Files\Eng_Proj\Matlab_float_model\fixed_model\hdl_prj\hdlsrc\hdl_model_fixed\S_R_Flip_Flop_block1.v
###       D:\AGH_Files\Eng_Proj\Matlab_float_model\fixed_model\hdl_prj\hdlsrc\hdl_model_fixed\myRMS.v
###       D:\AGH_Files\Eng_Proj\Matlab_float_model\fixed_model\hdl_prj\hdlsrc\hdl_model_fixed\SimpleDualPortRAM_generic_block.v
###       D:\AGH_Files\Eng_Proj\Matlab_float_model\fixed_model\hdl_prj\hdlsrc\hdl_model_fixed\SDFCommutator1.v
###       D:\AGH_Files\Eng_Proj\Matlab_float_model\fixed_model\hdl_prj\hdlsrc\hdl_model_fixed\RADIX22FFT_SDF1_1.v
###       D:\AGH_Files\Eng_Proj\Matlab_float_model\fixed_model\hdl_prj\hdlsrc\hdl_model_fixed\RADIX22FFT_CTRL1_1.v
###       D:\AGH_Files\Eng_Proj\Matlab_float_model\fixed_model\hdl_prj\hdlsrc\hdl_model_fixed\SDFCommutator2.v
###       D:\AGH_Files\Eng_Proj\Matlab_float_model\fixed_model\hdl_prj\hdlsrc\hdl_model_fixed\RADIX22FFT_SDF2_2.v
###       D:\AGH_Files\Eng_Proj\Matlab_float_model\fixed_model\hdl_prj\hdlsrc\hdl_model_fixed\RADIX22FFT_CTRL1_2.v
###       D:\AGH_Files\Eng_Proj\Matlab_float_model\fixed_model\hdl_prj\hdlsrc\hdl_model_fixed\TWDLROM_3_1.v
###       D:\AGH_Files\Eng_Proj\Matlab_float_model\fixed_model\hdl_prj\hdlsrc\hdl_model_fixed\Complex4Multiply.v
###       D:\AGH_Files\Eng_Proj\Matlab_float_model\fixed_model\hdl_prj\hdlsrc\hdl_model_fixed\SDFCommutator3.v
###       D:\AGH_Files\Eng_Proj\Matlab_float_model\fixed_model\hdl_prj\hdlsrc\hdl_model_fixed\RADIX22FFT_SDF1_3.v
###       D:\AGH_Files\Eng_Proj\Matlab_float_model\fixed_model\hdl_prj\hdlsrc\hdl_model_fixed\RADIX22FFT_CTRL1_3.v
###       D:\AGH_Files\Eng_Proj\Matlab_float_model\fixed_model\hdl_prj\hdlsrc\hdl_model_fixed\SDFCommutator4.v
###       D:\AGH_Files\Eng_Proj\Matlab_float_model\fixed_model\hdl_prj\hdlsrc\hdl_model_fixed\RADIX22FFT_SDF2_4.v
###       D:\AGH_Files\Eng_Proj\Matlab_float_model\fixed_model\hdl_prj\hdlsrc\hdl_model_fixed\RADIX22FFT_CTRL1_4.v
###       D:\AGH_Files\Eng_Proj\Matlab_float_model\fixed_model\hdl_prj\hdlsrc\hdl_model_fixed\TWDLROM_5_1.v
###       D:\AGH_Files\Eng_Proj\Matlab_float_model\fixed_model\hdl_prj\hdlsrc\hdl_model_fixed\Complex4Multiply_block.v
###       D:\AGH_Files\Eng_Proj\Matlab_float_model\fixed_model\hdl_prj\hdlsrc\hdl_model_fixed\SDFCommutator5.v
###       D:\AGH_Files\Eng_Proj\Matlab_float_model\fixed_model\hdl_prj\hdlsrc\hdl_model_fixed\RADIX22FFT_SDF1_5.v
###       D:\AGH_Files\Eng_Proj\Matlab_float_model\fixed_model\hdl_prj\hdlsrc\hdl_model_fixed\RADIX22FFT_CTRL1_5.v
###       D:\AGH_Files\Eng_Proj\Matlab_float_model\fixed_model\hdl_prj\hdlsrc\hdl_model_fixed\SDFCommutator6.v
###       D:\AGH_Files\Eng_Proj\Matlab_float_model\fixed_model\hdl_prj\hdlsrc\hdl_model_fixed\RADIX22FFT_SDF2_6.v
###       D:\AGH_Files\Eng_Proj\Matlab_float_model\fixed_model\hdl_prj\hdlsrc\hdl_model_fixed\RADIX22FFT_CTRL1_6.v
###       D:\AGH_Files\Eng_Proj\Matlab_float_model\fixed_model\hdl_prj\hdlsrc\hdl_model_fixed\TWDLROM_7_1.v
###       D:\AGH_Files\Eng_Proj\Matlab_float_model\fixed_model\hdl_prj\hdlsrc\hdl_model_fixed\Complex4Multiply_block1.v
###       D:\AGH_Files\Eng_Proj\Matlab_float_model\fixed_model\hdl_prj\hdlsrc\hdl_model_fixed\SDFCommutator7.v
###       D:\AGH_Files\Eng_Proj\Matlab_float_model\fixed_model\hdl_prj\hdlsrc\hdl_model_fixed\RADIX22FFT_SDF1_7.v
###       D:\AGH_Files\Eng_Proj\Matlab_float_model\fixed_model\hdl_prj\hdlsrc\hdl_model_fixed\RADIX22FFT_CTRL1_7.v
###       D:\AGH_Files\Eng_Proj\Matlab_float_model\fixed_model\hdl_prj\hdlsrc\hdl_model_fixed\SDFCommutator8.v
###       D:\AGH_Files\Eng_Proj\Matlab_float_model\fixed_model\hdl_prj\hdlsrc\hdl_model_fixed\RADIX22FFT_SDF2_8.v
###       D:\AGH_Files\Eng_Proj\Matlab_float_model\fixed_model\hdl_prj\hdlsrc\hdl_model_fixed\RADIX22FFT_CTRL1_8.v
###       D:\AGH_Files\Eng_Proj\Matlab_float_model\fixed_model\hdl_prj\hdlsrc\hdl_model_fixed\TWDLROM_9_1.v
###       D:\AGH_Files\Eng_Proj\Matlab_float_model\fixed_model\hdl_prj\hdlsrc\hdl_model_fixed\Complex4Multiply_block2.v
###       D:\AGH_Files\Eng_Proj\Matlab_float_model\fixed_model\hdl_prj\hdlsrc\hdl_model_fixed\SDFCommutator9.v
###       D:\AGH_Files\Eng_Proj\Matlab_float_model\fixed_model\hdl_prj\hdlsrc\hdl_model_fixed\RADIX22FFT_SDF1_9.v
###       D:\AGH_Files\Eng_Proj\Matlab_float_model\fixed_model\hdl_prj\hdlsrc\hdl_model_fixed\RADIX22FFT_CTRL1_9.v
###       D:\AGH_Files\Eng_Proj\Matlab_float_model\fixed_model\hdl_prj\hdlsrc\hdl_model_fixed\SDFCommutator10.v
###       D:\AGH_Files\Eng_Proj\Matlab_float_model\fixed_model\hdl_prj\hdlsrc\hdl_model_fixed\RADIX22FFT_SDF2_10.v
###       D:\AGH_Files\Eng_Proj\Matlab_float_model\fixed_model\hdl_prj\hdlsrc\hdl_model_fixed\RADIX22FFT_CTRL1_10.v
###       D:\AGH_Files\Eng_Proj\Matlab_float_model\fixed_model\hdl_prj\hdlsrc\hdl_model_fixed\TWDLROM_11_1.v
###       D:\AGH_Files\Eng_Proj\Matlab_float_model\fixed_model\hdl_prj\hdlsrc\hdl_model_fixed\Complex4Multiply_block3.v
###       D:\AGH_Files\Eng_Proj\Matlab_float_model\fixed_model\hdl_prj\hdlsrc\hdl_model_fixed\SDFCommutator11.v
###       D:\AGH_Files\Eng_Proj\Matlab_float_model\fixed_model\hdl_prj\hdlsrc\hdl_model_fixed\RADIX22FFT_SDF1_11.v
###       D:\AGH_Files\Eng_Proj\Matlab_float_model\fixed_model\hdl_prj\hdlsrc\hdl_model_fixed\RADIX22FFT_CTRL1_1_block.v
###       D:\AGH_Files\Eng_Proj\Matlab_float_model\fixed_model\hdl_prj\hdlsrc\hdl_model_fixed\RADIX2FFT_bitNatural.v
###       D:\AGH_Files\Eng_Proj\Matlab_float_model\fixed_model\hdl_prj\hdlsrc\hdl_model_fixed\FFT.v
###       D:\AGH_Files\Eng_Proj\Matlab_float_model\fixed_model\hdl_prj\hdlsrc\hdl_model_fixed\S_R_Flip_Flop_block2.v
###       D:\AGH_Files\Eng_Proj\Matlab_float_model\fixed_model\hdl_prj\hdlsrc\hdl_model_fixed\SimpleDualPortRAM_generic_block1.v
###       D:\AGH_Files\Eng_Proj\Matlab_float_model\fixed_model\hdl_prj\hdlsrc\hdl_model_fixed\Subsystem1.v
###    Generating Xilinx DCM and FIFO IP
###    Generated files:
###       D:\AGH_Files\Eng_Proj\Matlab_float_model\fixed_model\hdl_prj\fil_prj\filsrc\jtag_mac.v
###       D:\AGH_Files\Eng_Proj\Matlab_float_model\fixed_model\hdl_prj\fil_prj\filsrc\jtag_mac_fifo_wrapper.vhd
###       D:\AGH_Files\Eng_Proj\Matlab_float_model\fixed_model\hdl_prj\fil_prj\filsrc\simcycle_fifo_wrapper.vhd
###       D:\AGH_Files\Eng_Proj\Matlab_float_model\fixed_model\hdl_prj\fil_prj\filsrc\mwfil_dpscram.vhd
###       D:\AGH_Files\Eng_Proj\Matlab_float_model\fixed_model\hdl_prj\fil_prj\filsrc\mwfil_udfifo.vhd
###       D:\AGH_Files\Eng_Proj\Matlab_float_model\fixed_model\hdl_prj\fil_prj\filsrc\mwfil_bus2dut.vhd
###       D:\AGH_Files\Eng_Proj\Matlab_float_model\fixed_model\hdl_prj\fil_prj\filsrc\mwfil_chifcore.vhd
###       D:\AGH_Files\Eng_Proj\Matlab_float_model\fixed_model\hdl_prj\fil_prj\filsrc\mwfil_controller.vhd
###       D:\AGH_Files\Eng_Proj\Matlab_float_model\fixed_model\hdl_prj\fil_prj\filsrc\mwfil_dut2bus.vhd
###       D:\AGH_Files\Eng_Proj\Matlab_float_model\fixed_model\hdl_prj\fil_prj\filsrc\Subsystem1_wrapper.v
###       D:\AGH_Files\Eng_Proj\Matlab_float_model\fixed_model\hdl_prj\fil_prj\filsrc\mwfil_chiftop.vhd
###       D:\AGH_Files\Eng_Proj\Matlab_float_model\fixed_model\hdl_prj\fil_prj\filsrc\Subsystem1_fil.vhd
###       D:\AGH_Files\Eng_Proj\Matlab_float_model\fixed_model\hdl_prj\fil_prj\filsrc\Subsystem1_fil.xdc
### Running HDL Compilation

### HDL compilation completed.

### Running programming file generation outside MATLAB.
### Check external shell for programming file generation progress.
### Programming file location (when process is completed):
###    D:\AGH_Files\Eng_Proj\Matlab_float_model\fixed_model\hdl_prj\fil_prj\Subsystem1_fil.bit

