#-----------------------------------------------------------
# Vivado v2024.1 (64-bit)
# SW Build 5076996 on Wed May 22 18:37:14 MDT 2024
# IP Build 5075265 on Wed May 22 21:45:21 MDT 2024
# SharedData Build 5076995 on Wed May 22 18:29:18 MDT 2024
# Start of session at: Thu Dec 19 13:17:22 2024
# Process ID: 3404
# Current directory: D:/AGH_Files/Eng_Proj/Matlab_float_model/fixed_model/hdl_prj/fil_prj/fpgaproj
# Command line: vivado.exe -mode batch -source createproject.tcl
# Log file: D:/AGH_Files/Eng_Proj/Matlab_float_model/fixed_model/hdl_prj/fil_prj/fpgaproj/vivado.log
# Journal file: D:/AGH_Files/Eng_Proj/Matlab_float_model/fixed_model/hdl_prj/fil_prj/fpgaproj\vivado.jou
# Running On        :DESKTOP-6L1QCGQ
# Platform          :Windows Server 2016 or Windows 10
# Operating System  :22631
# Processor Detail  :AMD Ryzen 5 5625U with Radeon Graphics         
# CPU Frequency     :2296 MHz
# CPU Physical cores:6
# CPU Logical cores :12
# Host memory       :33663 MB
# Swap memory       :7861 MB
# Total Virtual     :41525 MB
# Available Virtual :7465 MB
#-----------------------------------------------------------
source createproject.tcl
